###############################################################################
#
# IAR ELF Linker V8.22.2.15995/W32 for ARM                15/Apr/2021  23:24:31
# Copyright 2007-2018 IAR Systems AB.
#
#    Output file  =  
#        D:\My_Wisdom\Works\Github\ARM_Cortex-M4_LM4F120H5QR\Lesson-10_2\Debug\Exe\project.out
#    Map file     =  
#        D:\My_Wisdom\Works\Github\ARM_Cortex-M4_LM4F120H5QR\Lesson-10_2\Debug\List\project.map
#    Command line =  
#        -f C:\Users\ASWIN\AppData\Local\Temp\EWB548.tmp
#        (D:\My_Wisdom\Works\Github\ARM_Cortex-M4_LM4F120H5QR\Lesson-10_2\Debug\Obj\delay.o
#        D:\My_Wisdom\Works\Github\ARM_Cortex-M4_LM4F120H5QR\Lesson-10_2\Debug\Obj\main.o
#        -o
#        D:\My_Wisdom\Works\Github\ARM_Cortex-M4_LM4F120H5QR\Lesson-10_2\Debug\Exe\project.out
#        --redirect _Printf=_PrintfFullNoMb --redirect _Scanf=_ScanfFullNoMb
#        --map
#        D:\My_Wisdom\Works\Github\ARM_Cortex-M4_LM4F120H5QR\Lesson-10_2\Debug\List\project.map
#        --config
#        D:\My_Wisdom\Works\Github\ARM_Cortex-M4_LM4F120H5QR\Lesson-10_2\project.icf
#        --semihosting --entry __iar_program_start --vfe --text_out locale)
#
###############################################################################

*******************************************************************************
*** RUNTIME MODEL ATTRIBUTES
***

CppFlavor       = *
__SystemLibrary = DLib
__dlib_version  = 6


*******************************************************************************
*** HEAP SELECTION
***

The basic heap was selected because some modules are built with
size limitations (and not runtime checking), and --advanced_heap
was not specified.


*******************************************************************************
*** PLACEMENT SUMMARY
***

"A0":  place at 0x00000000 { ro section .intvec };
"P1":  place in [from 0x00000000 to 0x0003ffff] { ro };
define block CSTACK with size = 1K, alignment = 8 { };
define block HEAP with size = 0M, alignment = 8 { };
"P2":  place in [from 0x20000000 to 0x20007fff] {
          rw, block CSTACK, block HEAP };

No sections matched the following patterns:

  rw  in "P2"


  Section   Kind        Address   Size  Object
  -------   ----        -------   ----  ------
"A0":                             0x40
  .intvec   ro code  0x00000000   0x40  vector_table_M.o [5]
                   - 0x00000040   0x40

"P1":                            0x144
  .text     ro code  0x00000040   0xaa  main.o [1]
  .text     ro code  0x000000ea    0x2  vector_table_M.o [5]
  .text     ro code  0x000000ec   0x20  delay.o [1]
  .text     ro code  0x0000010c   0x22  fpinit_M.o [4]
  .text     ro code  0x00000130   0x1e  cmain.o [5]
  .text     ro code  0x0000014e    0x4  low_level_init.o [3]
  .text     ro code  0x00000152    0x4  exit.o [3]
  .text     ro code  0x00000158    0xa  cexit.o [5]
  .text     ro code  0x00000164   0x14  exit.o [6]
  .text     ro code  0x00000178    0xc  cstartup_M.o [5]
                   - 0x00000184  0x144

"P2":                            0x400
  CSTACK             0x20000000  0x400  <Block>
    CSTACK  uninit   0x20000000  0x400  <Block tail>
                   - 0x20000400  0x400



*******************************************************************************
*** MODULE SUMMARY
***

    Module            ro code  rw data
    ------            -------  -------
D:\My_Wisdom\Works\Github\ARM_Cortex-M4_LM4F120H5QR\Lesson-10_2\Debug\Obj: [1]
    delay.o                32
    main.o                170
    ----------------------------------
    Total:                202

command line: [2]
    ----------------------------------
    Total:

dl7M_tln.a: [3]
    exit.o                  4
    low_level_init.o        4
    ----------------------------------
    Total:                  8

m7M_tls.a: [4]
    fpinit_M.o             34
    ----------------------------------
    Total:                 34

rt7M_tl.a: [5]
    cexit.o                10
    cmain.o                30
    cstartup_M.o           12
    vector_table_M.o       66
    ----------------------------------
    Total:                118

shb_l.a: [6]
    exit.o                 20
    ----------------------------------
    Total:                 20

    Gaps                    6
    Linker created               1 024
--------------------------------------
    Grand Total:          388    1 024


*******************************************************************************
*** ENTRY LIST
***

Entry                      Address  Size  Type      Object
-----                      -------  ----  ----      ------
?main                   0x00000131        Code  Gb  cmain.o [5]
CSTACK$$Base            0x20000000         --   Gb  - Linker created -
CSTACK$$Limit           0x20000400         --   Gb  - Linker created -
Region$$Table$$Base     0x00000000         --   Gb  - Linker created -
Region$$Table$$Limit    0x00000000         --   Gb  - Linker created -
__cmain                 0x00000131        Code  Gb  cmain.o [5]
__exit                  0x00000165  0x14  Code  Gb  exit.o [6]
__iar_init_vfp          0x0000010d        Code  Gb  fpinit_M.o [4]
__iar_program_start     0x00000179        Code  Gb  cstartup_M.o [5]
__iar_systems$$module {Abs}
                        0x00000001        Data  Gb  command line/config [2]
__low_level_init        0x0000014f   0x4  Code  Gb  low_level_init.o [3]
__vector_table          0x00000000        Data  Gb  vector_table_M.o [5]
_call_main              0x0000013d        Code  Gb  cmain.o [5]
_exit                   0x00000159        Code  Gb  cexit.o [5]
_main                   0x0000014b        Code  Gb  cmain.o [5]
delay                   0x000000ed  0x20  Code  Gb  delay.o [1]
exit                    0x00000153   0x4  Code  Gb  exit.o [3]
fact                    0x000000c5  0x26  Code  Gb  main.o [1]
main                    0x00000041  0x6a  Code  Gb  main.o [1]


[1] = D:\My_Wisdom\Works\Github\ARM_Cortex-M4_LM4F120H5QR\Lesson-10_2\Debug\Obj
[2] = command line
[3] = dl7M_tln.a
[4] = m7M_tls.a
[5] = rt7M_tl.a
[6] = shb_l.a

    388 bytes of readonly  code memory
  1 024 bytes of readwrite data memory

Errors: none
Warnings: none
