###############################################################################
#
# IAR ELF Linker V8.22.2.15995/W32 for ARM                29/Jan/2019  01:49:25
# Copyright 2007-2018 IAR Systems AB.
#
#    Output file  =  
#        E:\My
#        Wisdom\Works\Github\ARM_Cortex-M4_LM4F120H5QR\Lesson-15\Debug\Exe\project.out
#    Map file     =  
#        E:\My
#        Wisdom\Works\Github\ARM_Cortex-M4_LM4F120H5QR\Lesson-15\Debug\List\project.map
#    Command line =  
#        -f C:\Users\ASWIN\AppData\Local\Temp\EWF970.tmp ("E:\My
#        Wisdom\Works\Github\ARM_Cortex-M4_LM4F120H5QR\Lesson-15\Debug\Obj\BSP.o"
#        "E:\My
#        Wisdom\Works\Github\ARM_Cortex-M4_LM4F120H5QR\Lesson-15\Debug\Obj\delay.o"
#        "E:\My
#        Wisdom\Works\Github\ARM_Cortex-M4_LM4F120H5QR\Lesson-15\Debug\Obj\main.o"
#        "E:\My
#        Wisdom\Works\Github\ARM_Cortex-M4_LM4F120H5QR\Lesson-15\Debug\Obj\startup_tm4c.o"
#        -o "E:\My
#        Wisdom\Works\Github\ARM_Cortex-M4_LM4F120H5QR\Lesson-15\Debug\Exe\project.out"
#        --redirect _Printf=_PrintfFullNoMb --redirect _Scanf=_ScanfFullNoMb
#        --map "E:\My
#        Wisdom\Works\Github\ARM_Cortex-M4_LM4F120H5QR\Lesson-15\Debug\List\project.map"
#        --config "E:\My
#        Wisdom\Works\Github\ARM_Cortex-M4_LM4F120H5QR\Lesson-15\project.icf"
#        --semihosting --entry __iar_program_start --vfe --text_out locale)
#
###############################################################################

*******************************************************************************
*** RUNTIME MODEL ATTRIBUTES
***

CppFlavor       = *
__SystemLibrary = DLib
__dlib_version  = 6


*******************************************************************************
*** HEAP SELECTION
***

The basic heap was selected because some modules are built with
size limitations (and not runtime checking), and --advanced_heap
was not specified.


*******************************************************************************
*** PLACEMENT SUMMARY
***

"A0":  place at 0x00000000 { ro section .intvec };
"P1":  place in [from 0x00000000 to 0x0003ffff] { ro };
define block CSTACK with size = 1K, alignment = 8 { };
define block HEAP with size = 0M, alignment = 8 { };
"P2":  place in [from 0x20000000 to 0x20007fff] {
          rw, block CSTACK, block HEAP };
initialize by copy { rw };

  Section            Kind        Address   Size  Object
  -------            ----        -------   ----  ------
"A0":                                     0x26c
  .intvec            const    0x00000000  0x26c  startup_tm4c.o [1]
                            - 0x0000026c  0x26c

"P1":                                     0x28f
  .text              ro code  0x0000026c   0xd0  main.o [1]
  .text              ro code  0x0000033c   0x14  delay.o [1]
  .text              ro code  0x00000350   0x54  startup_tm4c.o [1]
  .text              ro code  0x000003a4   0x2c  BSP.o [1]
  .text              ro code  0x000003d0   0x38  packbits_init_single.o [5]
  .text              ro code  0x00000408   0x28  data_init.o [5]
  .text              ro code  0x00000430   0x22  fpinit_M.o [4]
  .iar.init_table    const    0x00000454   0x10  - Linker created -
  .text              ro code  0x00000464   0x1e  cmain.o [5]
  .text              ro code  0x00000482    0x4  low_level_init.o [3]
  .text              ro code  0x00000486    0x4  exit.o [3]
  .text              ro code  0x0000048c    0xa  cexit.o [5]
  .text              ro code  0x00000498   0x14  exit.o [6]
  .rodata            const    0x000004ac    0xc  startup_tm4c.o [1]
  .rodata            const    0x000004b8    0xc  startup_tm4c.o [1]
  .rodata            const    0x000004c4    0xc  startup_tm4c.o [1]
  .rodata            const    0x000004d0    0xc  startup_tm4c.o [1]
  .text              ro code  0x000004dc    0xc  cstartup_M.o [5]
  .rodata            const    0x000004e8    0x8  startup_tm4c.o [1]
  .rodata            const    0x000004f0    0x0  packbits_init_single.o [5]
  Initializer bytes  const    0x000004f0    0xb  <for P2-1>
                            - 0x000004fb  0x28f

"P2", part 1 of 2:                         0x24
  P2-1                        0x20000000   0x24  <Init block>
    .data            inited   0x20000000    0x8  main.o [1]
    .bss             inited   0x20000008    0x4  main.o [1]
    .bss             inited   0x2000000c    0x4  main.o [1]
    .bss             inited   0x20000010    0x8  main.o [1]
    .bss             inited   0x20000018    0xc  main.o [1]
                            - 0x20000024   0x24

"P2", part 2 of 2:                        0x400
  CSTACK                      0x20000028  0x400  <Block>
    CSTACK           uninit   0x20000028  0x400  <Block tail>
                            - 0x20000428  0x400


*******************************************************************************
*** INIT TABLE
***

          Address     Size
          -------     ----
Copy/packbits (__iar_packbits_init_single3)
    1 source range, total size 0xb (30% of destination):
          0x000004f0   0xb
    1 destination range, total size 0x24:
          0x20000000  0x24



*******************************************************************************
*** MODULE SUMMARY
***

    Module                  ro code  ro data  rw data
    ------                  -------  -------  -------
E:\My Wisdom\Works\Github\ARM_Cortex-M4_LM4F120H5QR\Lesson-15\Debug\Obj: [1]
    BSP.o                        44
    delay.o                      20
    main.o                      208       11       36
    startup_tm4c.o               84      676
    -------------------------------------------------
    Total:                      356      687       36

command line: [2]
    -------------------------------------------------
    Total:

dl7M_tln.a: [3]
    exit.o                        4
    low_level_init.o              4
    -------------------------------------------------
    Total:                        8

m7M_tls.a: [4]
    fpinit_M.o                   34
    -------------------------------------------------
    Total:                       34

rt7M_tl.a: [5]
    cexit.o                      10
    cmain.o                      30
    cstartup_M.o                 12
    data_init.o                  40
    packbits_init_single.o       56
    -------------------------------------------------
    Total:                      148

shb_l.a: [6]
    exit.o                       20
    -------------------------------------------------
    Total:                       20

    Gaps                          4        2
    Linker created                        16    1 024
-----------------------------------------------------
    Grand Total:                570      705    1 060


*******************************************************************************
*** ENTRY LIST
***

Entry                      Address   Size  Type      Object
-----                      -------   ----  ----      ------
.iar.init_table$$Base   0x00000454          --   Gb  - Linker created -
.iar.init_table$$Limit  0x00000464          --   Gb  - Linker created -
?main                   0x00000465         Code  Gb  cmain.o [5]
BusFault_Handler        0x0000036f    0xa  Code  Gb  startup_tm4c.o [1]
CSTACK$$Base            0x20000028          --   Gb  - Linker created -
CSTACK$$Limit           0x20000428         Data  Gb  - Linker created -
HardFault_Handler       0x00000351    0xa  Code  Gb  startup_tm4c.o [1]
MemManage_Handler       0x00000365    0xa  Code  Gb  startup_tm4c.o [1]
NMI_Handler             0x0000035b    0xa  Code  Gb  startup_tm4c.o [1]
Region$$Table$$Base     0x00000454          --   Gb  - Linker created -
Region$$Table$$Limit    0x00000464          --   Gb  - Linker created -
SysTick_Handler         0x000003cf    0x2  Code  Gb  BSP.o [1]
Unused_Handler          0x00000383    0xa  Code  Gb  startup_tm4c.o [1]
UsageFault_Handler      0x00000379    0xa  Code  Gb  startup_tm4c.o [1]
__NVIC_SystemReset      0x000003a5   0x1c  Code  Lc  BSP.o [1]
__cmain                 0x00000465         Code  Gb  cmain.o [5]
__exit                  0x00000499   0x14  Code  Gb  exit.o [6]
__iar_data_init3        0x00000409   0x28  Code  Gb  data_init.o [5]
__iar_init_vfp          0x00000431         Code  Gb  fpinit_M.o [4]
__iar_packbits_init_single3
                        0x000003d1   0x38  Code  Gb  packbits_init_single.o [5]
__iar_program_start     0x000004dd         Code  Gb  cstartup_M.o [5]
__iar_systems$$module {Abs}
                        0x00000001         Data  Gb  command line/config [2]
__low_level_init        0x00000483    0x4  Code  Gb  low_level_init.o [3]
__vector_table          0x00000000  0x26c  Data  Gb  startup_tm4c.o [1]
_call_main              0x00000471         Code  Gb  cmain.o [5]
_exit                   0x0000048d         Code  Gb  cexit.o [5]
_main                   0x0000047f         Code  Gb  cmain.o [5]
assert_failed           0x000003c9    0x6  Code  Gb  BSP.o [1]
delay                   0x0000033d   0x14  Code  Gb  delay.o [1]
exit                    0x00000487    0x4  Code  Gb  exit.o [3]
main                    0x0000026d   0xd0  Code  Gb  main.o [1]
p1                      0x20000008    0x4  Data  Gb  main.o [1]
p2                      0x2000000c    0x4  Data  Gb  main.o [1]
t                       0x20000018    0xc  Data  Gb  main.o [1]
w                       0x20000000    0x8  Data  Gb  main.o [1]
w2                      0x20000010    0x8  Data  Gb  main.o [1]


[1] = E:\My Wisdom\Works\Github\ARM_Cortex-M4_LM4F120H5QR\Lesson-15\Debug\Obj
[2] = command line
[3] = dl7M_tln.a
[4] = m7M_tls.a
[5] = rt7M_tl.a
[6] = shb_l.a

    570 bytes of readonly  code memory
    705 bytes of readonly  data memory
  1 060 bytes of readwrite data memory

Errors: none
Warnings: none
