###############################################################################
#
# IAR ELF Linker V8.22.2.15995/W32 for ARM                27/Jan/2019  23:43:56
# Copyright 2007-2018 IAR Systems AB.
#
#    Output file  =  
#        E:\My
#        Wisdom\Works\Github\ARM_Cortex-M4_LM4F120H5QR\Lesson-12\Debug\Exe\project.out
#    Map file     =  
#        E:\My
#        Wisdom\Works\Github\ARM_Cortex-M4_LM4F120H5QR\Lesson-12\Debug\List\project.map
#    Command line =  
#        -f C:\Users\ASWIN\AppData\Local\Temp\EWB68E.tmp ("E:\My
#        Wisdom\Works\Github\ARM_Cortex-M4_LM4F120H5QR\Lesson-12\Debug\Obj\delay.o"
#        "E:\My
#        Wisdom\Works\Github\ARM_Cortex-M4_LM4F120H5QR\Lesson-12\Debug\Obj\main.o"
#        -o "E:\My
#        Wisdom\Works\Github\ARM_Cortex-M4_LM4F120H5QR\Lesson-12\Debug\Exe\project.out"
#        --redirect _Printf=_PrintfFullNoMb --redirect _Scanf=_ScanfFullNoMb
#        --map "E:\My
#        Wisdom\Works\Github\ARM_Cortex-M4_LM4F120H5QR\Lesson-12\Debug\List\project.map"
#        --config "E:\My
#        Wisdom\Works\Github\ARM_Cortex-M4_LM4F120H5QR\Lesson-12\project.icf"
#        --semihosting --entry __iar_program_start --vfe --text_out locale)
#
###############################################################################

*******************************************************************************
*** RUNTIME MODEL ATTRIBUTES
***

CppFlavor       = *
__SystemLibrary = DLib
__dlib_version  = 6


*******************************************************************************
*** HEAP SELECTION
***

The basic heap was selected because some modules are built with
size limitations (and not runtime checking), and --advanced_heap
was not specified.


*******************************************************************************
*** PLACEMENT SUMMARY
***

"A0":  place at 0x00000000 { ro section .intvec };
"P1":  place in [from 0x00000000 to 0x0003ffff] { ro };
define block CSTACK with size = 1K, alignment = 8 { };
define block HEAP with size = 0M, alignment = 8 { };
"P2":  place in [from 0x20000000 to 0x20007fff] {
          rw, block CSTACK, block HEAP };

  Section          Kind        Address   Size  Object
  -------          ----        -------   ----  ------
"A0":                                    0x40
  .intvec          ro code  0x00000000   0x40  vector_table_M.o [4]
                          - 0x00000040   0x40

"P1":                                   0x1b4
  .text            ro code  0x00000040   0xcc  main.o [1]
  .text            ro code  0x0000010c   0x1c  delay.o [1]
  .text            ro code  0x00000128   0x3c  zero_init3.o [4]
  .text            ro code  0x00000164   0x28  data_init.o [4]
  .iar.init_table  const    0x0000018c   0x10  - Linker created -
  .text            ro code  0x0000019c   0x1e  cmain.o [4]
  .text            ro code  0x000001ba    0x4  low_level_init.o [3]
  .text            ro code  0x000001be    0x8  exit.o [3]
  .text            ro code  0x000001c6    0x2  vector_table_M.o [4]
  .text            ro code  0x000001c8    0xa  cexit.o [4]
  .text            ro code  0x000001d4   0x14  exit.o [5]
  .text            ro code  0x000001e8    0xc  cstartup_M.o [4]
  .rodata          const    0x000001f4    0x0  zero_init3.o [4]
                          - 0x000001f4  0x1b4

"P2", part 1 of 2:                       0x24
  .bss             zero     0x20000000    0xc  main.o [1]
  .bss             zero     0x2000000c    0x8  main.o [1]
  .bss             zero     0x20000014    0x8  main.o [1]
  .bss             zero     0x2000001c    0x4  main.o [1]
  .bss             zero     0x20000020    0x4  main.o [1]
                          - 0x20000024   0x24

"P2", part 2 of 2:                      0x400
  CSTACK                    0x20000028  0x400  <Block>
    CSTACK         uninit   0x20000028  0x400  <Block tail>
                          - 0x20000428  0x400


*******************************************************************************
*** INIT TABLE
***

          Address     Size
          -------     ----
Zero (__iar_zero_init3)
    1 destination range, total size 0x24:
          0x20000000  0x24



*******************************************************************************
*** MODULE SUMMARY
***

    Module            ro code  ro data  rw data
    ------            -------  -------  -------
E:\My Wisdom\Works\Github\ARM_Cortex-M4_LM4F120H5QR\Lesson-12\Debug\Obj: [1]
    delay.o                28
    main.o                204                36
    -------------------------------------------
    Total:                232                36

command line: [2]
    -------------------------------------------
    Total:

dl6M_tln.a: [3]
    exit.o                  8
    low_level_init.o        4
    -------------------------------------------
    Total:                 12

rt6M_tl.a: [4]
    cexit.o                10
    cmain.o                30
    cstartup_M.o           12
    data_init.o            40
    vector_table_M.o       66
    zero_init3.o           60
    -------------------------------------------
    Total:                218

shb_l.a: [5]
    exit.o                 20
    -------------------------------------------
    Total:                 20

    Gaps                    2
    Linker created                  16    1 024
-----------------------------------------------
    Grand Total:          484       16    1 060


*******************************************************************************
*** ENTRY LIST
***

Entry                      Address  Size  Type      Object
-----                      -------  ----  ----      ------
.iar.init_table$$Base   0x0000018c         --   Gb  - Linker created -
.iar.init_table$$Limit  0x0000019c         --   Gb  - Linker created -
?main                   0x0000019d        Code  Gb  cmain.o [4]
CSTACK$$Base            0x20000028         --   Gb  - Linker created -
CSTACK$$Limit           0x20000428         --   Gb  - Linker created -
Region$$Table$$Base     0x0000018c         --   Gb  - Linker created -
Region$$Table$$Limit    0x0000019c         --   Gb  - Linker created -
__cmain                 0x0000019d        Code  Gb  cmain.o [4]
__exit                  0x000001d5  0x14  Code  Gb  exit.o [5]
__iar_data_init3        0x00000165  0x28  Code  Gb  data_init.o [4]
__iar_program_start     0x000001e9        Code  Gb  cstartup_M.o [4]
__iar_systems$$module {Abs}
                        0x00000001        Data  Gb  command line/config [2]
__iar_zero_init3        0x00000129  0x3c  Code  Gb  zero_init3.o [4]
__low_level_init        0x000001bb   0x4  Code  Gb  low_level_init.o [3]
__vector_table          0x00000000        Data  Gb  vector_table_M.o [4]
_call_main              0x000001a9        Code  Gb  cmain.o [4]
_exit                   0x000001c9        Code  Gb  cexit.o [4]
_main                   0x000001b7        Code  Gb  cmain.o [4]
delay                   0x0000010d  0x1c  Code  Gb  delay.o [1]
exit                    0x000001bf   0x8  Code  Gb  exit.o [3]
main                    0x00000041  0xcc  Code  Gb  main.o [1]
p1                      0x2000001c   0x4  Data  Gb  main.o [1]
p2                      0x20000020   0x4  Data  Gb  main.o [1]
t                       0x20000000   0xc  Data  Gb  main.o [1]
w                       0x2000000c   0x8  Data  Gb  main.o [1]
w2                      0x20000014   0x8  Data  Gb  main.o [1]


[1] = E:\My Wisdom\Works\Github\ARM_Cortex-M4_LM4F120H5QR\Lesson-12\Debug\Obj
[2] = command line
[3] = dl6M_tln.a
[4] = rt6M_tl.a
[5] = shb_l.a

    484 bytes of readonly  code memory
     16 bytes of readonly  data memory
  1 060 bytes of readwrite data memory

Errors: none
Warnings: none
