###############################################################################
#
# IAR ELF Linker V8.22.2.15995/W32 for ARM                15/Apr/2021  23:50:14
# Copyright 2007-2018 IAR Systems AB.
#
#    Output file  =  
#        D:\My_Wisdom\Works\Github\ARM_Cortex-M4_LM4F120H5QR\Lesson-11\Debug\Exe\project.out
#    Map file     =  
#        D:\My_Wisdom\Works\Github\ARM_Cortex-M4_LM4F120H5QR\Lesson-11\Debug\List\project.map
#    Command line =  
#        -f C:\Users\ASWIN\AppData\Local\Temp\EW3ECA.tmp
#        (D:\My_Wisdom\Works\Github\ARM_Cortex-M4_LM4F120H5QR\Lesson-11\Debug\Obj\delay.o
#        D:\My_Wisdom\Works\Github\ARM_Cortex-M4_LM4F120H5QR\Lesson-11\Debug\Obj\main.o
#        -o
#        D:\My_Wisdom\Works\Github\ARM_Cortex-M4_LM4F120H5QR\Lesson-11\Debug\Exe\project.out
#        --redirect _Printf=_PrintfFullNoMb --redirect _Scanf=_ScanfFullNoMb
#        --map
#        D:\My_Wisdom\Works\Github\ARM_Cortex-M4_LM4F120H5QR\Lesson-11\Debug\List\project.map
#        --config
#        D:\My_Wisdom\Works\Github\ARM_Cortex-M4_LM4F120H5QR\Lesson-11\project.icf
#        --semihosting --entry __iar_program_start --vfe --text_out locale)
#
###############################################################################

*******************************************************************************
*** RUNTIME MODEL ATTRIBUTES
***

CppFlavor       = *
__SystemLibrary = DLib
__dlib_version  = 6


*******************************************************************************
*** HEAP SELECTION
***

The basic heap was selected because some modules are built with
size limitations (and not runtime checking), and --advanced_heap
was not specified.


*******************************************************************************
*** PLACEMENT SUMMARY
***

"A0":  place at 0x00000000 { ro section .intvec };
"P1":  place in [from 0x00000000 to 0x0003ffff] { ro };
define block CSTACK with size = 1K, alignment = 8 { };
define block HEAP with size = 0M, alignment = 8 { };
"P2":  place in [from 0x20000000 to 0x20007fff] {
          rw, block CSTACK, block HEAP };

  Section          Kind        Address   Size  Object
  -------          ----        -------   ----  ------
"A0":                                    0x40
  .intvec          ro code  0x00000000   0x40  vector_table_M.o [5]
                          - 0x00000040   0x40

"P1":                                   0x23c
  .text            ro code  0x00000040  0x128  main.o [1]
  .text            ro code  0x00000168   0x20  delay.o [1]
  .text            ro code  0x00000188   0x40  zero_init3.o [5]
  .text            ro code  0x000001c8   0x28  data_init.o [5]
  .text            ro code  0x000001f0   0x22  fpinit_M.o [4]
  .iar.init_table  const    0x00000214   0x10  - Linker created -
  .text            ro code  0x00000224    0x2  vector_table_M.o [5]
  .text            ro code  0x00000228   0x1e  cmain.o [5]
  .text            ro code  0x00000246    0x4  low_level_init.o [3]
  .text            ro code  0x0000024a    0x4  exit.o [3]
  .text            ro code  0x00000250    0xa  cexit.o [5]
  .text            ro code  0x0000025c   0x14  exit.o [6]
  .text            ro code  0x00000270    0xc  cstartup_M.o [5]
  .rodata          const    0x0000027c    0x0  zero_init3.o [5]
                          - 0x0000027c  0x23c

"P2", part 1 of 2:                       0x14
  .bss             zero     0x20000000    0x4  main.o [1]
  .bss             zero     0x20000004    0x4  main.o [1]
  .bss             zero     0x20000008    0x4  main.o [1]
  .bss             zero     0x2000000c    0x2  main.o [1]
  .bss             zero     0x2000000e    0x2  main.o [1]
  .bss             zero     0x20000010    0x1  main.o [1]
  .bss             zero     0x20000011    0x1  main.o [1]
                          - 0x20000012   0x12

"P2", part 2 of 2:                      0x400
  CSTACK                    0x20000018  0x400  <Block>
    CSTACK         uninit   0x20000018  0x400  <Block tail>
                          - 0x20000418  0x400


*******************************************************************************
*** INIT TABLE
***

          Address     Size
          -------     ----
Zero (__iar_zero_init3)
    1 destination range, total size 0x12:
          0x20000000  0x12



*******************************************************************************
*** MODULE SUMMARY
***

    Module            ro code  ro data  rw data
    ------            -------  -------  -------
D:\My_Wisdom\Works\Github\ARM_Cortex-M4_LM4F120H5QR\Lesson-11\Debug\Obj: [1]
    delay.o                32
    main.o                296                18
    -------------------------------------------
    Total:                328                18

command line: [2]
    -------------------------------------------
    Total:

dl7M_tln.a: [3]
    exit.o                  4
    low_level_init.o        4
    -------------------------------------------
    Total:                  8

m7M_tls.a: [4]
    fpinit_M.o             34
    -------------------------------------------
    Total:                 34

rt7M_tl.a: [5]
    cexit.o                10
    cmain.o                30
    cstartup_M.o           12
    data_init.o            40
    vector_table_M.o       66
    zero_init3.o           64
    -------------------------------------------
    Total:                222

shb_l.a: [6]
    exit.o                 20
    -------------------------------------------
    Total:                 20

    Gaps                    6        2
    Linker created                  16    1 024
-----------------------------------------------
    Grand Total:          618       18    1 042


*******************************************************************************
*** ENTRY LIST
***

Entry                      Address   Size  Type      Object
-----                      -------   ----  ----      ------
.iar.init_table$$Base   0x00000214          --   Gb  - Linker created -
.iar.init_table$$Limit  0x00000224          --   Gb  - Linker created -
?main                   0x00000229         Code  Gb  cmain.o [5]
CSTACK$$Base            0x20000018          --   Gb  - Linker created -
CSTACK$$Limit           0x20000418          --   Gb  - Linker created -
Region$$Table$$Base     0x00000214          --   Gb  - Linker created -
Region$$Table$$Limit    0x00000224          --   Gb  - Linker created -
__cmain                 0x00000229         Code  Gb  cmain.o [5]
__exit                  0x0000025d   0x14  Code  Gb  exit.o [6]
__iar_data_init3        0x000001c9   0x28  Code  Gb  data_init.o [5]
__iar_init_vfp          0x000001f1         Code  Gb  fpinit_M.o [4]
__iar_program_start     0x00000271         Code  Gb  cstartup_M.o [5]
__iar_systems$$module {Abs}
                        0x00000001         Data  Gb  command line/config [2]
__iar_zero_init3        0x00000189   0x40  Code  Gb  zero_init3.o [5]
__low_level_init        0x00000247    0x4  Code  Gb  low_level_init.o [3]
__vector_table          0x00000000         Data  Gb  vector_table_M.o [5]
_call_main              0x00000235         Code  Gb  cmain.o [5]
_exit                   0x00000251         Code  Gb  cexit.o [5]
_main                   0x00000243         Code  Gb  cmain.o [5]
delay                   0x00000169   0x20  Code  Gb  delay.o [1]
exit                    0x0000024b    0x4  Code  Gb  exit.o [3]
main                    0x00000041  0x128  Code  Gb  main.o [1]
s32                     0x20000008    0x4  Data  Gb  main.o [1]
u16c                    0x2000000c    0x2  Data  Gb  main.o [1]
u16d                    0x2000000e    0x2  Data  Gb  main.o [1]
u32e                    0x20000000    0x4  Data  Gb  main.o [1]
u32f                    0x20000004    0x4  Data  Gb  main.o [1]
u8a                     0x20000010    0x1  Data  Gb  main.o [1]
u8b                     0x20000011    0x1  Data  Gb  main.o [1]


[1] = D:\My_Wisdom\Works\Github\ARM_Cortex-M4_LM4F120H5QR\Lesson-11\Debug\Obj
[2] = command line
[3] = dl7M_tln.a
[4] = m7M_tls.a
[5] = rt7M_tl.a
[6] = shb_l.a

    618 bytes of readonly  code memory
     18 bytes of readonly  data memory
  1 042 bytes of readwrite data memory

Errors: none
Warnings: none
