Component: ARM Compiler 5.06 update 5 (build 528) Tool: armlink [4d35e2]

==============================================================================

Section Cross References

    bsp.o(i.GPIOPortF_IRQHandler) refers to qxk_sema.o(i.QXSemaphore_signal) for QXSemaphore_signal
    bsp.o(i.GPIOPortF_IRQHandler) refers to bsp.o(i.QF_set_BASEPRI) for QF_set_BASEPRI
    bsp.o(i.GPIOPortF_IRQHandler) refers to qxk.o(i.QXK_sched_) for QXK_sched_
    bsp.o(i.GPIOPortF_IRQHandler) refers to main.o(.data) for SW1_sema
    bsp.o(i.QF_onStartup) refers to system_tm4c123gh6pm.o(i.SystemCoreClockUpdate) for SystemCoreClockUpdate
    bsp.o(i.QF_onStartup) refers to bsp.o(i.__NVIC_SetPriority) for __NVIC_SetPriority
    bsp.o(i.QF_onStartup) refers to system_tm4c123gh6pm.o(.data) for SystemCoreClock
    bsp.o(i.SysTick_Handler) refers to qf_time.o(i.QF_tickX_) for QF_tickX_
    bsp.o(i.SysTick_Handler) refers to bsp.o(i.QF_set_BASEPRI) for QF_set_BASEPRI
    bsp.o(i.SysTick_Handler) refers to qxk.o(i.QXK_sched_) for QXK_sched_
    main.o(i.main) refers to bsp.o(i.BSP_init) for BSP_init
    main.o(i.main) refers to qxk.o(i.QF_init) for QF_init
    main.o(i.main) refers to qxk_sema.o(i.QXSemaphore_init) for QXSemaphore_init
    main.o(i.main) refers to qxk_xthr.o(i.QXThread_ctor) for QXThread_ctor
    main.o(i.main) refers to qxk.o(i.QF_run) for QF_run
    main.o(i.main) refers to main.o(.data) for SW1_sema
    main.o(i.main) refers to main.o(i.main_blinky1) for main_blinky1
    main.o(i.main) refers to main.o(.bss) for blinky1
    main.o(i.main) refers to main.o(i.main_blinky2) for main_blinky2
    main.o(i.main_blinky1) refers to bsp.o(i.BSP_ledGreenOn) for BSP_ledGreenOn
    main.o(i.main_blinky1) refers to bsp.o(i.BSP_ledGreenOff) for BSP_ledGreenOff
    main.o(i.main_blinky1) refers to qxk_xthr.o(i.QXThread_delay) for QXThread_delay
    main.o(i.main_blinky2) refers to qxk_sema.o(i.QXSemaphore_wait) for QXSemaphore_wait
    main.o(i.main_blinky2) refers to bsp.o(i.BSP_ledBlueOn) for BSP_ledBlueOn
    main.o(i.main_blinky2) refers to bsp.o(i.BSP_ledBlueOff) for BSP_ledBlueOff
    main.o(i.main_blinky2) refers to main.o(.data) for SW1_sema
    main.o(i.main_blinky3) refers to bsp.o(i.BSP_ledRedOn) for BSP_ledRedOn
    main.o(i.main_blinky3) refers to qxk_xthr.o(i.QXThread_delay) for QXThread_delay
    main.o(i.main_blinky3) refers to bsp.o(i.BSP_ledRedOff) for BSP_ledRedOff
    system_tm4c123gh6pm.o(i.SystemCoreClockUpdate) refers to system_tm4c123gh6pm.o(i.getOscClk) for getOscClk
    system_tm4c123gh6pm.o(i.SystemCoreClockUpdate) refers to system_tm4c123gh6pm.o(.data) for SystemCoreClock
    startup_tm4c123gh6pm.o(STACK) refers (Special) to heapauxi.o(.text) for __use_two_region_memory
    startup_tm4c123gh6pm.o(HEAP) refers (Special) to heapauxi.o(.text) for __use_two_region_memory
    startup_tm4c123gh6pm.o(RESET) refers (Special) to heapauxi.o(.text) for __use_two_region_memory
    startup_tm4c123gh6pm.o(RESET) refers to startup_tm4c123gh6pm.o(STACK) for __initial_sp
    startup_tm4c123gh6pm.o(RESET) refers to startup_tm4c123gh6pm.o(.text) for Reset_Handler
    startup_tm4c123gh6pm.o(RESET) refers to qxk_port.o(.emb_text) for NMI_Handler
    startup_tm4c123gh6pm.o(RESET) refers to bsp.o(i.SysTick_Handler) for SysTick_Handler
    startup_tm4c123gh6pm.o(RESET) refers to bsp.o(i.GPIOPortF_IRQHandler) for GPIOPortF_IRQHandler
    startup_tm4c123gh6pm.o(.text) refers (Special) to heapauxi.o(.text) for __use_two_region_memory
    startup_tm4c123gh6pm.o(.text) refers to bsp.o(i.Q_onAssert) for Q_onAssert
    startup_tm4c123gh6pm.o(.text) refers to system_tm4c123gh6pm.o(i.SystemInit) for SystemInit
    startup_tm4c123gh6pm.o(.text) refers to __main.o(!!!main) for __main
    startup_tm4c123gh6pm.o(.text) refers to startup_tm4c123gh6pm.o(HEAP) for __heap_base
    startup_tm4c123gh6pm.o(.text) refers to startup_tm4c123gh6pm.o(STACK) for __stack_limit
    qep_hsm.o(i.QHsm_childState_) refers to bsp.o(i.Q_onAssert) for Q_onAssert
    qep_hsm.o(i.QHsm_childState_) refers to qep_hsm.o(.constdata) for QEP_reservedEvt_
    qep_hsm.o(i.QHsm_ctor) refers to qep_hsm.o(.constdata) for vtbl
    qep_hsm.o(i.QHsm_ctor) refers to qep_hsm.o(i.QHsm_top) for QHsm_top
    qep_hsm.o(i.QHsm_dispatch_) refers to bsp.o(i.Q_onAssert) for Q_onAssert
    qep_hsm.o(i.QHsm_dispatch_) refers to qep_hsm.o(i.QHsm_tran_) for QHsm_tran_
    qep_hsm.o(i.QHsm_dispatch_) refers to qep_hsm.o(.constdata) for Q_this_module_
    qep_hsm.o(i.QHsm_init_) refers to bsp.o(i.Q_onAssert) for Q_onAssert
    qep_hsm.o(i.QHsm_init_) refers to qep_hsm.o(i.QHsm_top) for QHsm_top
    qep_hsm.o(i.QHsm_init_) refers to qep_hsm.o(.constdata) for Q_this_module_
    qep_hsm.o(i.QHsm_isIn) refers to bsp.o(i.Q_onAssert) for Q_onAssert
    qep_hsm.o(i.QHsm_isIn) refers to qep_hsm.o(.constdata) for Q_this_module_
    qep_hsm.o(i.QHsm_tran_) refers to bsp.o(i.Q_onAssert) for Q_onAssert
    qep_hsm.o(i.QHsm_tran_) refers to qep_hsm.o(.constdata) for QEP_reservedEvt_
[...]
    __rtentry.o(.ARM.Collect$$rtentry$$00000000) refers (Special) to __rtentry2.o(.ARM.Collect$$rtentry$$00000002) for __rt_entry_presh_1
    __rtentry.o(.ARM.Collect$$rtentry$$00000000) refers (Special) to __rtentry4.o(.ARM.Collect$$rtentry$$00000004) for __rt_entry_sh
    __rtentry2.o(.ARM.Collect$$rtentry$$00000008) refers to boardinit2.o(.text) for _platform_post_stackheap_init
    __rtentry2.o(.ARM.Collect$$rtentry$$0000000A) refers to libinit.o(.ARM.Collect$$libinit$$00000000) for __rt_lib_init
    __rtentry2.o(.ARM.Collect$$rtentry$$0000000B) refers to boardinit3.o(.text) for _platform_post_lib_init
    __rtentry2.o(.ARM.Collect$$rtentry$$0000000D) refers to main.o(i.main) for main
    __rtentry2.o(.ARM.Collect$$rtentry$$0000000D) refers to exit.o(.text) for exit
    __rtentry2.o(.ARM.exidx) refers to __rtentry2.o(.ARM.Collect$$rtentry$$00000001) for .ARM.Collect$$rtentry$$00000001
    __rtentry2.o(.ARM.exidx) refers to __rtentry2.o(.ARM.Collect$$rtentry$$00000008) for .ARM.Collect$$rtentry$$00000008
    __rtentry2.o(.ARM.exidx) refers to __rtentry2.o(.ARM.Collect$$rtentry$$0000000A) for .ARM.Collect$$rtentry$$0000000A
    __rtentry2.o(.ARM.exidx) refers to __rtentry2.o(.ARM.Collect$$rtentry$$0000000B) for .ARM.Collect$$rtentry$$0000000B
    __rtentry2.o(.ARM.exidx) refers to __rtentry2.o(.ARM.Collect$$rtentry$$0000000D) for .ARM.Collect$$rtentry$$0000000D
    __rtentry4.o(.ARM.Collect$$rtentry$$00000004) refers to sys_stackheap_outer.o(.text) for __user_setup_stackheap
    __rtentry4.o(.ARM.exidx) refers to __rtentry4.o(.ARM.Collect$$rtentry$$00000004) for .ARM.Collect$$rtentry$$00000004
    sys_stackheap_outer.o(.text) refers to libspace.o(.text) for __user_perproc_libspace
    sys_stackheap_outer.o(.text) refers to startup_tm4c123gh6pm.o(.text) for __user_initial_stackheap
    exit.o(.text) refers to rtexit.o(.ARM.Collect$$rtexit$$00000000) for __rt_exit
    libinit.o(.ARM.Collect$$libinit$$00000000) refers (Special) to libinit2.o(.ARM.Collect$$libinit$$0000002E) for __rt_lib_init_alloca_1
    libinit.o(.ARM.Collect$$libinit$$00000000) refers (Special) to libinit2.o(.ARM.Collect$$libinit$$0000002C) for __rt_lib_init_argv_1
    libinit.o(.ARM.Collect$$libinit$$00000000) refers (Special) to libinit2.o(.ARM.Collect$$libinit$$0000001B) for __rt_lib_init_atexit_1
    libinit.o(.ARM.Collect$$libinit$$00000000) refers (Special) to libinit2.o(.ARM.Collect$$libinit$$00000021) for __rt_lib_init_clock_1
    libinit.o(.ARM.Collect$$libinit$$00000000) refers (Special) to libinit2.o(.ARM.Collect$$libinit$$00000032) for __rt_lib_init_cpp_1
    libinit.o(.ARM.Collect$$libinit$$00000000) refers (Special) to libinit2.o(.ARM.Collect$$libinit$$00000030) for __rt_lib_init_exceptions_1
    libinit.o(.ARM.Collect$$libinit$$00000000) refers (Special) to libinit2.o(.ARM.Collect$$libinit$$00000002) for __rt_lib_init_fp_1
    libinit.o(.ARM.Collect$$libinit$$00000000) refers (Special) to libinit2.o(.ARM.Collect$$libinit$$0000001F) for __rt_lib_init_fp_trap_1
    libinit.o(.ARM.Collect$$libinit$$00000000) refers (Special) to libinit2.o(.ARM.Collect$$libinit$$00000023) for __rt_lib_init_getenv_1
    libinit.o(.ARM.Collect$$libinit$$00000000) refers (Special) to libinit2.o(.ARM.Collect$$libinit$$0000000A) for __rt_lib_init_heap_1
    libinit.o(.ARM.Collect$$libinit$$00000000) refers (Special) to libinit2.o(.ARM.Collect$$libinit$$00000011) for __rt_lib_init_lc_collate_1
    libinit.o(.ARM.Collect$$libinit$$00000000) refers (Special) to libinit2.o(.ARM.Collect$$libinit$$00000013) for __rt_lib_init_lc_ctype_1
    libinit.o(.ARM.Collect$$libinit$$00000000) refers (Special) to libinit2.o(.ARM.Collect$$libinit$$00000015) for __rt_lib_init_lc_monetary_1
    libinit.o(.ARM.Collect$$libinit$$00000000) refers (Special) to libinit2.o(.ARM.Collect$$libinit$$00000017) for __rt_lib_init_lc_numeric_1
    libinit.o(.ARM.Collect$$libinit$$00000000) refers (Special) to libinit2.o(.ARM.Collect$$libinit$$00000019) for __rt_lib_init_lc_time_1
    libinit.o(.ARM.Collect$$libinit$$00000000) refers (Special) to libinit2.o(.ARM.Collect$$libinit$$00000004) for __rt_lib_init_preinit_1
    libinit.o(.ARM.Collect$$libinit$$00000000) refers (Special) to libinit2.o(.ARM.Collect$$libinit$$0000000E) for __rt_lib_init_rand_1
    libinit.o(.ARM.Collect$$libinit$$00000000) refers (Special) to libinit2.o(.ARM.Collect$$libinit$$00000033) for __rt_lib_init_return
    libinit.o(.ARM.Collect$$libinit$$00000000) refers (Special) to libinit2.o(.ARM.Collect$$libinit$$0000001D) for __rt_lib_init_signal_1
    libinit.o(.ARM.Collect$$libinit$$00000000) refers (Special) to libinit2.o(.ARM.Collect$$libinit$$00000025) for __rt_lib_init_stdio_1
    libinit.o(.ARM.Collect$$libinit$$00000000) refers (Special) to libinit2.o(.ARM.Collect$$libinit$$0000000C) for __rt_lib_init_user_alloc_1
    libspace.o(.text) refers to libspace.o(.bss) for __libspace_start
    rtexit.o(.ARM.Collect$$rtexit$$00000000) refers (Special) to rtexit2.o(.ARM.Collect$$rtexit$$00000004) for __rt_exit_exit
    rtexit.o(.ARM.Collect$$rtexit$$00000000) refers (Special) to rtexit2.o(.ARM.Collect$$rtexit$$00000003) for __rt_exit_ls
    rtexit.o(.ARM.Collect$$rtexit$$00000000) refers (Special) to rtexit2.o(.ARM.Collect$$rtexit$$00000002) for __rt_exit_prels_1
    rtexit.o(.ARM.exidx) refers (Special) to rtexit2.o(.ARM.Collect$$rtexit$$00000004) for __rt_exit_exit
    rtexit.o(.ARM.exidx) refers (Special) to rtexit2.o(.ARM.Collect$$rtexit$$00000003) for __rt_exit_ls
    rtexit.o(.ARM.exidx) refers (Special) to rtexit2.o(.ARM.Collect$$rtexit$$00000002) for __rt_exit_prels_1
    rtexit.o(.ARM.exidx) refers to rtexit.o(.ARM.Collect$$rtexit$$00000000) for .ARM.Collect$$rtexit$$00000000
    libinit2.o(.ARM.Collect$$libinit$$00000010) refers to libinit2.o(.ARM.Collect$$libinit$$0000000F) for .ARM.Collect$$libinit$$0000000F
    libinit2.o(.ARM.Collect$$libinit$$00000012) refers to libinit2.o(.ARM.Collect$$libinit$$0000000F) for .ARM.Collect$$libinit$$0000000F
    libinit2.o(.ARM.Collect$$libinit$$00000014) refers to libinit2.o(.ARM.Collect$$libinit$$0000000F) for .ARM.Collect$$libinit$$0000000F
    libinit2.o(.ARM.Collect$$libinit$$00000016) refers to libinit2.o(.ARM.Collect$$libinit$$0000000F) for .ARM.Collect$$libinit$$0000000F
    libinit2.o(.ARM.Collect$$libinit$$00000018) refers to libinit2.o(.ARM.Collect$$libinit$$0000000F) for .ARM.Collect$$libinit$$0000000F
    libinit2.o(.ARM.Collect$$libinit$$00000026) refers to argv_veneer.o(.emb_text) for __ARM_argv_veneer
    libinit2.o(.ARM.Collect$$libinit$$00000027) refers to argv_veneer.o(.emb_text) for __ARM_argv_veneer
    rtexit2.o(.ARM.Collect$$rtexit$$00000003) refers to libshutdown.o(.ARM.Collect$$libshutdown$$00000000) for __rt_lib_shutdown
    rtexit2.o(.ARM.Collect$$rtexit$$00000004) refers to sys_exit.o(.text) for _sys_exit
    rtexit2.o(.ARM.exidx) refers to rtexit2.o(.ARM.Collect$$rtexit$$00000001) for .ARM.Collect$$rtexit$$00000001
    rtexit2.o(.ARM.exidx) refers to rtexit2.o(.ARM.Collect$$rtexit$$00000003) for .ARM.Collect$$rtexit$$00000003
    rtexit2.o(.ARM.exidx) refers to rtexit2.o(.ARM.Collect$$rtexit$$00000004) for .ARM.Collect$$rtexit$$00000004
    argv_veneer.o(.emb_text) refers to no_argv.o(.text) for __ARM_get_argv
    sys_exit.o(.text) refers (Special) to use_no_semi.o(.text) for __I$use$semihosting
    sys_exit.o(.text) refers (Special) to indicate_semi.o(.text) for __semihosting_library_function
    _get_argv_nomalloc.o(.text) refers (Special) to hrguard.o(.text) for __heap_region$guard
    _get_argv_nomalloc.o(.text) refers to defsig_rtmem_outer.o(.text) for __rt_SIGRTMEM
    _get_argv_nomalloc.o(.text) refers to sys_command.o(.text) for _sys_command_string
    libshutdown.o(.ARM.Collect$$libshutdown$$00000000) refers (Special) to libshutdown2.o(.ARM.Collect$$libshutdown$$00000002) for __rt_lib_shutdown_cpp_1
    libshutdown.o(.ARM.Collect$$libshutdown$$00000000) refers (Special) to libshutdown2.o(.ARM.Collect$$libshutdown$$00000007) for __rt_lib_shutdown_fp_trap_1
    libshutdown.o(.ARM.Collect$$libshutdown$$00000000) refers (Special) to libshutdown2.o(.ARM.Collect$$libshutdown$$0000000F) for __rt_lib_shutdown_heap_1
    libshutdown.o(.ARM.Collect$$libshutdown$$00000000) refers (Special) to libshutdown2.o(.ARM.Collect$$libshutdown$$00000010) for __rt_lib_shutdown_return
    libshutdown.o(.ARM.Collect$$libshutdown$$00000000) refers (Special) to libshutdown2.o(.ARM.Collect$$libshutdown$$0000000A) for __rt_lib_shutdown_signal_1
    libshutdown.o(.ARM.Collect$$libshutdown$$00000000) refers (Special) to libshutdown2.o(.ARM.Collect$$libshutdown$$00000004) for __rt_lib_shutdown_stdio_1
    libshutdown.o(.ARM.Collect$$libshutdown$$00000000) refers (Special) to libshutdown2.o(.ARM.Collect$$libshutdown$$0000000C) for __rt_lib_shutdown_user_alloc_1
    sys_command.o(.text) refers (Special) to use_no_semi.o(.text) for __I$use$semihosting
    sys_command.o(.text) refers (Special) to indicate_semi.o(.text) for __semihosting_library_function
    defsig_rtmem_outer.o(.text) refers to defsig_rtmem_inner.o(.text) for __rt_SIGRTMEM_inner
    defsig_rtmem_outer.o(.text) refers to defsig_exit.o(.text) for __sig_exit
    defsig_rtmem_formal.o(.text) refers to rt_raise.o(.text) for __rt_raise
    rt_raise.o(.text) refers to __raise.o(.text) for __raise
    rt_raise.o(.text) refers to sys_exit.o(.text) for _sys_exit
    defsig_exit.o(.text) refers to sys_exit.o(.text) for _sys_exit
    defsig_rtmem_inner.o(.text) refers to defsig_general.o(.text) for __default_signal_display
    __raise.o(.text) refers to defsig.o(CL$$defsig) for __default_signal_handler
    defsig_general.o(.text) refers to sys_wrch.o(.text) for _ttywrch
    sys_wrch.o(.text) refers (Special) to use_no_semi.o(.text) for __I$use$semihosting
    sys_wrch.o(.text) refers (Special) to indicate_semi.o(.text) for __semihosting_library_function
    defsig.o(CL$$defsig) refers to defsig_rtmem_inner.o(.text) for __rt_SIGRTMEM_inner
    defsig_abrt_inner.o(.text) refers to defsig_general.o(.text) for __default_signal_display
    defsig_fpe_inner.o(.text) refers to defsig_general.o(.text) for __default_signal_display
    defsig_rtred_inner.o(.text) refers to defsig_general.o(.text) for __default_signal_display
    defsig_stak_inner.o(.text) refers to defsig_general.o(.text) for __default_signal_display
    defsig_pvfn_inner.o(.text) refers to defsig_general.o(.text) for __default_signal_display
    defsig_cppl_inner.o(.text) refers to defsig_general.o(.text) for __default_signal_display
    defsig_segv_inner.o(.text) refers to defsig_general.o(.text) for __default_signal_display
    defsig_other.o(.text) refers to defsig_general.o(.text) for __default_signal_display


==============================================================================

Removing Unused input sections from the image.

    Removing bsp.o(.rev16_text), (4 bytes).
    Removing bsp.o(.revsh_text), (4 bytes).
    Removing bsp.o(.rrx_text), (6 bytes).
    Removing bsp.o(i.BSP_ledRedOff), (12 bytes).
    Removing bsp.o(i.BSP_ledRedOn), (12 bytes).
    Removing bsp.o(i.QF_onCleanup), (2 bytes).
    Removing bsp.o(.data), (4 bytes).
    Removing main.o(i.main_blinky3), (28 bytes).
    Removing system_tm4c123gh6pm.o(.rev16_text), (4 bytes).
    Removing system_tm4c123gh6pm.o(.revsh_text), (4 bytes).
    Removing system_tm4c123gh6pm.o(.rrx_text), (6 bytes).
    Removing qep_hsm.o(i.QHsm_childState_), (84 bytes).
    Removing qep_hsm.o(i.QHsm_isIn), (76 bytes).
    Removing qep_msm.o(i.QMsm_childStateObj_), (68 bytes).
    Removing qep_msm.o(i.QMsm_ctor), (20 bytes).
    Removing qep_msm.o(i.QMsm_dispatch_), (284 bytes).
    Removing qep_msm.o(i.QMsm_enterHistory_), (108 bytes).
    Removing qep_msm.o(i.QMsm_execTatbl_), (68 bytes).
    Removing qep_msm.o(i.QMsm_exitToTranSource_), (52 bytes).
    Removing qep_msm.o(i.QMsm_init_), (88 bytes).
    Removing qep_msm.o(i.QMsm_isInState), (30 bytes).
    Removing qep_msm.o(.constdata), (36 bytes).
    Removing qf_act.o(i.QF_remove_), (88 bytes).
    Removing qf_actq.o(i.QF_getQueueMin), (80 bytes).
    Removing qf_actq.o(i.QTicker_ctor), (28 bytes).
    Removing qf_defer.o(i.QActive_defer), (28 bytes).
    Removing qf_defer.o(i.QActive_flushDeferred), (46 bytes).
    Removing qf_defer.o(i.QActive_recall), (116 bytes).
    Removing qf_defer.o(.constdata), (9 bytes).
    Removing qf_dyn.o(i.QF_deleteRef_), (14 bytes).
    Removing qf_dyn.o(i.QF_newRef_), (72 bytes).
    Removing qf_dyn.o(i.QF_newX_), (152 bytes).
    Removing qf_dyn.o(i.QF_poolGetMaxBlockSize), (28 bytes).
    Removing qf_dyn.o(i.QF_poolInit), (112 bytes).
    Removing qf_mem.o(i.QF_getPoolMin), (92 bytes).
    Removing qf_mem.o(i.QMPool_get), (176 bytes).
    Removing qf_mem.o(i.QMPool_init), (144 bytes).
    Removing qf_ps.o(i.QActive_subscribe), (128 bytes).
    Removing qf_ps.o(i.QActive_unsubscribe), (128 bytes).
    Removing qf_ps.o(i.QActive_unsubscribeAll), (148 bytes).
    Removing qf_ps.o(i.QF_get_BASEPRI), (6 bytes).
    Removing qf_ps.o(i.QF_psInit), (32 bytes).
    Removing qf_ps.o(i.QF_publish_), (236 bytes).
    Removing qf_ps.o(i.QF_set_BASEPRI), (6 bytes).
    Removing qf_ps.o(.constdata), (6 bytes).
    Removing qf_qeq.o(i.QEQueue_get), (128 bytes).
    Removing qf_qeq.o(i.QEQueue_post), (176 bytes).
    Removing qf_qeq.o(i.QEQueue_postLIFO), (128 bytes).
    Removing qf_qeq.o(i.QF_set_BASEPRI), (6 bytes).
    Removing qf_qeq.o(.constdata), (7 bytes).
    Removing qf_qmact.o(i.QMActive_ctor), (32 bytes).
    Removing qf_qmact.o(.constdata), (20 bytes).
    Removing qf_time.o(i.QF_noTimeEvtsActiveX), (40 bytes).
    Removing qf_time.o(i.QTimeEvt_armX), (136 bytes).
    Removing qf_time.o(i.QTimeEvt_ctr), (40 bytes).
    Removing qf_time.o(i.QTimeEvt_disarm), (68 bytes).
    Removing qf_time.o(i.QTimeEvt_rearm), (132 bytes).
    Removing qf_time.o(i.QTimeEvt_wasDisarmed), (26 bytes).
    Removing qxk.o(i.QActive_stop), (112 bytes).
    Removing qxk.o(i.QF_stop), (8 bytes).
    Removing qxk.o(i.QXK_current), (96 bytes).
    Removing qxk.o(i.QXK_schedLock), (116 bytes).
    Removing qxk.o(i.QXK_schedUnlock), (100 bytes).
    Removing qxk_mutex.o(i.QF_get_BASEPRI), (6 bytes).
    Removing qxk_mutex.o(i.QF_set_BASEPRI), (6 bytes).
    Removing qxk_mutex.o(i.QXMutex_init), (96 bytes).
    Removing qxk_mutex.o(i.QXMutex_lock), (440 bytes).
    Removing qxk_mutex.o(i.QXMutex_tryLock), (300 bytes).
    Removing qxk_mutex.o(i.QXMutex_unlock), (348 bytes).
    Removing qxk_mutex.o(.constdata), (10 bytes).
    Removing qxk_sema.o(i.QXSemaphore_tryWait), (80 bytes).
    Removing qxk_xthr.o(i.QXThread_delayCancel), (66 bytes).
    Removing qxk_xthr.o(i.QXThread_queueGet), (268 bytes).

73 unused section(s) (total 5866 bytes) removed from the image.

==============================================================================

Image Symbol Table

    Local Symbols

    Symbol Name                              Value     Ov Type        Size  Object(Section)

    RESET                                    0x00000000   Section      620  startup_tm4c123gh6pm.o(RESET)
    ../clib/angel/boardlib.s                 0x00000000   Number         0  boardinit3.o ABSOLUTE
    ../clib/angel/boardlib.s                 0x00000000   Number         0  boardinit2.o ABSOLUTE
    ../clib/angel/boardlib.s                 0x00000000   Number         0  boardinit1.o ABSOLUTE
    ../clib/angel/boardlib.s                 0x00000000   Number         0  boardshut.o ABSOLUTE
    ../clib/angel/handlers.s                 0x00000000   Number         0  __scatter_zi.o ABSOLUTE
    ../clib/angel/handlers.s                 0x00000000   Number         0  __scatter_copy.o ABSOLUTE
    ../clib/angel/kernel.s                   0x00000000   Number         0  rtexit.o ABSOLUTE
    ../clib/angel/kernel.s                   0x00000000   Number         0  __rtentry.o ABSOLUTE
    ../clib/angel/kernel.s                   0x00000000   Number         0  rtexit2.o ABSOLUTE
    ../clib/angel/kernel.s                   0x00000000   Number         0  __rtentry4.o ABSOLUTE
    ../clib/angel/kernel.s                   0x00000000   Number         0  __rtentry2.o ABSOLUTE
    ../clib/angel/rt.s                       0x00000000   Number         0  rt_raise.o ABSOLUTE
    ../clib/angel/scatter.s                  0x00000000   Number         0  __scatter.o ABSOLUTE
    ../clib/angel/startup.s                  0x00000000   Number         0  __main.o ABSOLUTE
    ../clib/angel/sys.s                      0x00000000   Number         0  use_no_semi.o ABSOLUTE
    ../clib/angel/sys.s                      0x00000000   Number         0  sys_stackheap_outer.o ABSOLUTE
    ../clib/angel/sys.s                      0x00000000   Number         0  indicate_semi.o ABSOLUTE
    ../clib/angel/sys.s                      0x00000000   Number         0  libspace.o ABSOLUTE
    ../clib/angel/sysapp.c                   0x00000000   Number         0  sys_exit.o ABSOLUTE
    ../clib/angel/sysapp.c                   0x00000000   Number         0  sys_command.o ABSOLUTE
    ../clib/angel/sysapp.c                   0x00000000   Number         0  sys_wrch.o ABSOLUTE
    ../clib/armsys.c                         0x00000000   Number         0  _get_argv_nomalloc.o ABSOLUTE
    ../clib/armsys.c                         0x00000000   Number         0  no_argv.o ABSOLUTE
    ../clib/armsys.c                         0x00000000   Number         0  argv_veneer.o ABSOLUTE
    ../clib/armsys.c                         0x00000000   Number         0  argv_veneer.o ABSOLUTE
    ../clib/heapalloc.c                      0x00000000   Number         0  hrguard.o ABSOLUTE
    ../clib/heapaux.c                        0x00000000   Number         0  heapauxi.o ABSOLUTE
    ../clib/libinit.s                        0x00000000   Number         0  libinit.o ABSOLUTE
    ../clib/libinit.s                        0x00000000   Number         0  libinit2.o ABSOLUTE
    ../clib/libinit.s                        0x00000000   Number         0  libshutdown.o ABSOLUTE
    ../clib/libinit.s                        0x00000000   Number         0  libshutdown2.o ABSOLUTE
    ../clib/signal.c                         0x00000000   Number         0  defsig_pvfn_inner.o ABSOLUTE
    ../clib/signal.c                         0x00000000   Number         0  defsig_stak_inner.o ABSOLUTE
    ../clib/signal.c                         0x00000000   Number         0  defsig_rtred_inner.o ABSOLUTE
    ../clib/signal.c                         0x00000000   Number         0  defsig_fpe_inner.o ABSOLUTE
    ../clib/signal.c                         0x00000000   Number         0  defsig_abrt_inner.o ABSOLUTE
    ../clib/signal.c                         0x00000000   Number         0  defsig_general.o ABSOLUTE
    ../clib/signal.c                         0x00000000   Number         0  __raise.o ABSOLUTE
    ../clib/signal.c                         0x00000000   Number         0  defsig_rtmem_inner.o ABSOLUTE
    ../clib/signal.c                         0x00000000   Number         0  defsig_exit.o ABSOLUTE
    ../clib/signal.c                         0x00000000   Number         0  defsig_rtmem_formal.o ABSOLUTE
    ../clib/signal.c                         0x00000000   Number         0  defsig_rtmem_outer.o ABSOLUTE
    ../clib/signal.c                         0x00000000   Number         0  defsig_other.o ABSOLUTE
    ../clib/signal.c                         0x00000000   Number         0  defsig_segv_inner.o ABSOLUTE
    ../clib/signal.c                         0x00000000   Number         0  defsig_cppl_inner.o ABSOLUTE
    ../clib/signal.s                         0x00000000   Number         0  defsig.o ABSOLUTE
    ../clib/stdlib.c                         0x00000000   Number         0  exit.o ABSOLUTE
    ../fplib/fpinit.s                        0x00000000   Number         0  fpinit.o ABSOLUTE
    ..\\qpc\\3rd_party\\ek-tm4c123gxl\\system_TM4C123GH6PM.c 0x00000000   Number         0  system_tm4c123gh6pm.o ABSOLUTE
    ..\\qpc\\ports\\arm-cm\\qxk\\arm\\qxk_port.c 0x00000000   Number         0  qxk_port.o ABSOLUTE
    ..\qpc\3rd_party\ek-tm4c123gxl\arm\startup_TM4C123GH6PM.s 0x00000000   Number         0  startup_tm4c123gh6pm.o ABSOLUTE
    ..\qpc\3rd_party\ek-tm4c123gxl\system_TM4C123GH6PM.c 0x00000000   Number         0  system_tm4c123gh6pm.o ABSOLUTE
    ..\qpc\ports\arm-cm\qxk\arm\qxk_port.c   0x00000000   Number         0  qxk_port.o ABSOLUTE
    ..\qpc\src\qf\qep_hsm.c                  0x00000000   Number         0  qep_hsm.o ABSOLUTE
    ..\qpc\src\qf\qep_msm.c                  0x00000000   Number         0  qep_msm.o ABSOLUTE
    ..\qpc\src\qf\qf_act.c                   0x00000000   Number         0  qf_act.o ABSOLUTE
    ..\qpc\src\qf\qf_actq.c                  0x00000000   Number         0  qf_actq.o ABSOLUTE
    ..\qpc\src\qf\qf_defer.c                 0x00000000   Number         0  qf_defer.o ABSOLUTE
    ..\qpc\src\qf\qf_dyn.c                   0x00000000   Number         0  qf_dyn.o ABSOLUTE
    ..\qpc\src\qf\qf_mem.c                   0x00000000   Number         0  qf_mem.o ABSOLUTE
    ..\qpc\src\qf\qf_ps.c                    0x00000000   Number         0  qf_ps.o ABSOLUTE
    ..\qpc\src\qf\qf_qact.c                  0x00000000   Number         0  qf_qact.o ABSOLUTE
    ..\qpc\src\qf\qf_qeq.c                   0x00000000   Number         0  qf_qeq.o ABSOLUTE
    ..\qpc\src\qf\qf_qmact.c                 0x00000000   Number         0  qf_qmact.o ABSOLUTE
    ..\qpc\src\qf\qf_time.c                  0x00000000   Number         0  qf_time.o ABSOLUTE
    ..\qpc\src\qxk\qxk.c                     0x00000000   Number         0  qxk.o ABSOLUTE
    ..\qpc\src\qxk\qxk_mutex.c               0x00000000   Number         0  qxk_mutex.o ABSOLUTE
    ..\qpc\src\qxk\qxk_sema.c                0x00000000   Number         0  qxk_sema.o ABSOLUTE
    ..\qpc\src\qxk\qxk_xthr.c                0x00000000   Number         0  qxk_xthr.o ABSOLUTE
    bsp.c                                    0x00000000   Number         0  bsp.o ABSOLUTE
    bsp.c                                    0x00000000   Number         0  bsp.o ABSOLUTE
    dc.s                                     0x00000000   Number         0  dc.o ABSOLUTE
    main.c                                   0x00000000   Number         0  main.o ABSOLUTE
    !!!main                                  0x0000026c   Section        8  __main.o(!!!main)
    !!!scatter                               0x00000274   Section       52  __scatter.o(!!!scatter)
    !!handler_copy                           0x000002a8   Section       26  __scatter_copy.o(!!handler_copy)
    !!handler_zi                             0x000002c4   Section       28  __scatter_zi.o(!!handler_zi)
    .ARM.Collect$$libinit$$00000000          0x000002e0   Section        2  libinit.o(.ARM.Collect$$libinit$$00000000)
    .ARM.Collect$$libinit$$00000002          0x000002e2   Section        0  libinit2.o(.ARM.Collect$$libinit$$00000002)
    .ARM.Collect$$libinit$$00000004          0x000002e2   Section        0  libinit2.o(.ARM.Collect$$libinit$$00000004)
    .ARM.Collect$$libinit$$0000000A          0x000002e2   Section        0  libinit2.o(.ARM.Collect$$libinit$$0000000A)
    .ARM.Collect$$libinit$$0000000C          0x000002e2   Section        0  libinit2.o(.ARM.Collect$$libinit$$0000000C)
    .ARM.Collect$$libinit$$0000000E          0x000002e2   Section        0  libinit2.o(.ARM.Collect$$libinit$$0000000E)
    .ARM.Collect$$libinit$$00000011          0x000002e2   Section        0  libinit2.o(.ARM.Collect$$libinit$$00000011)
    .ARM.Collect$$libinit$$00000013          0x000002e2   Section        0  libinit2.o(.ARM.Collect$$libinit$$00000013)
    .ARM.Collect$$libinit$$00000015          0x000002e2   Section        0  libinit2.o(.ARM.Collect$$libinit$$00000015)
    .ARM.Collect$$libinit$$00000017          0x000002e2   Section        0  libinit2.o(.ARM.Collect$$libinit$$00000017)
    .ARM.Collect$$libinit$$00000019          0x000002e2   Section        0  libinit2.o(.ARM.Collect$$libinit$$00000019)
    .ARM.Collect$$libinit$$0000001B          0x000002e2   Section        0  libinit2.o(.ARM.Collect$$libinit$$0000001B)
    .ARM.Collect$$libinit$$0000001D          0x000002e2   Section        0  libinit2.o(.ARM.Collect$$libinit$$0000001D)
    .ARM.Collect$$libinit$$0000001F          0x000002e2   Section        0  libinit2.o(.ARM.Collect$$libinit$$0000001F)
    .ARM.Collect$$libinit$$00000021          0x000002e2   Section        0  libinit2.o(.ARM.Collect$$libinit$$00000021)
    .ARM.Collect$$libinit$$00000023          0x000002e2   Section        0  libinit2.o(.ARM.Collect$$libinit$$00000023)
    .ARM.Collect$$libinit$$00000025          0x000002e2   Section        0  libinit2.o(.ARM.Collect$$libinit$$00000025)
    .ARM.Collect$$libinit$$0000002C          0x000002e2   Section        0  libinit2.o(.ARM.Collect$$libinit$$0000002C)
    .ARM.Collect$$libinit$$0000002E          0x000002e2   Section        0  libinit2.o(.ARM.Collect$$libinit$$0000002E)
    .ARM.Collect$$libinit$$00000030          0x000002e2   Section        0  libinit2.o(.ARM.Collect$$libinit$$00000030)
    .ARM.Collect$$libinit$$00000032          0x000002e2   Section        0  libinit2.o(.ARM.Collect$$libinit$$00000032)
    .ARM.Collect$$libinit$$00000033          0x000002e2   Section        2  libinit2.o(.ARM.Collect$$libinit$$00000033)
    .ARM.Collect$$libshutdown$$00000000      0x000002e4   Section        2  libshutdown.o(.ARM.Collect$$libshutdown$$00000000)
    .ARM.Collect$$libshutdown$$00000002      0x000002e6   Section        0  libshutdown2.o(.ARM.Collect$$libshutdown$$00000002)
    .ARM.Collect$$libshutdown$$00000004      0x000002e6   Section        0  libshutdown2.o(.ARM.Collect$$libshutdown$$00000004)
    .ARM.Collect$$libshutdown$$00000007      0x000002e6   Section        0  libshutdown2.o(.ARM.Collect$$libshutdown$$00000007)
    .ARM.Collect$$libshutdown$$0000000A      0x000002e6   Section        0  libshutdown2.o(.ARM.Collect$$libshutdown$$0000000A)
    .ARM.Collect$$libshutdown$$0000000C      0x000002e6   Section        0  libshutdown2.o(.ARM.Collect$$libshutdown$$0000000C)
    .ARM.Collect$$libshutdown$$0000000F      0x000002e6   Section        0  libshutdown2.o(.ARM.Collect$$libshutdown$$0000000F)
    .ARM.Collect$$libshutdown$$00000010      0x000002e6   Section        2  libshutdown2.o(.ARM.Collect$$libshutdown$$00000010)
    .ARM.Collect$$rtentry$$00000000          0x000002e8   Section        0  __rtentry.o(.ARM.Collect$$rtentry$$00000000)
    .ARM.Collect$$rtentry$$00000002          0x000002e8   Section        0  __rtentry2.o(.ARM.Collect$$rtentry$$00000002)
    .ARM.Collect$$rtentry$$00000004          0x000002e8   Section        6  __rtentry4.o(.ARM.Collect$$rtentry$$00000004)
    .ARM.Collect$$rtentry$$00000009          0x000002ee   Section        0  __rtentry2.o(.ARM.Collect$$rtentry$$00000009)
    .ARM.Collect$$rtentry$$0000000A          0x000002ee   Section        4  __rtentry2.o(.ARM.Collect$$rtentry$$0000000A)
    .ARM.Collect$$rtentry$$0000000C          0x000002f2   Section        0  __rtentry2.o(.ARM.Collect$$rtentry$$0000000C)
    .ARM.Collect$$rtentry$$0000000D          0x000002f2   Section        8  __rtentry2.o(.ARM.Collect$$rtentry$$0000000D)
    .ARM.Collect$$rtexit$$00000000           0x000002fa   Section        2  rtexit.o(.ARM.Collect$$rtexit$$00000000)
    .ARM.Collect$$rtexit$$00000002           0x000002fc   Section        0  rtexit2.o(.ARM.Collect$$rtexit$$00000002)
    .ARM.Collect$$rtexit$$00000003           0x000002fc   Section        4  rtexit2.o(.ARM.Collect$$rtexit$$00000003)
    .ARM.Collect$$rtexit$$00000004           0x00000300   Section        6  rtexit2.o(.ARM.Collect$$rtexit$$00000004)
    .emb_text                                0x00000308   Section      196  qxk_port.o(.emb_text)
    .text                                    0x000003cc   Section      124  startup_tm4c123gh6pm.o(.text)
    .text                                    0x00000448   Section        0  heapauxi.o(.text)
    .text                                    0x0000044e   Section       74  sys_stackheap_outer.o(.text)
    .text                                    0x00000498   Section        0  exit.o(.text)
    .text                                    0x000004ac   Section        8  libspace.o(.text)
    .text                                    0x000004b4   Section        0  sys_exit.o(.text)
    .text                                    0x000004c0   Section        2  use_no_semi.o(.text)
    .text                                    0x000004c2   Section        0  indicate_semi.o(.text)
    i.BSP_init                               0x000004c4   Section        0  bsp.o(i.BSP_init)
    i.BSP_ledBlueOff                         0x00000564   Section        0  bsp.o(i.BSP_ledBlueOff)
    i.BSP_ledBlueOn                          0x00000570   Section        0  bsp.o(i.BSP_ledBlueOn)
    i.BSP_ledGreenOff                        0x0000057c   Section        0  bsp.o(i.BSP_ledGreenOff)
    i.BSP_ledGreenOn                         0x00000588   Section        0  bsp.o(i.BSP_ledGreenOn)
    i.GPIOPortF_IRQHandler                   0x00000594   Section        0  bsp.o(i.GPIOPortF_IRQHandler)
    i.QActive_ctor                           0x000005e4   Section        0  qf_qact.o(i.QActive_ctor)
    i.QActive_get_                           0x00000604   Section        0  qf_actq.o(i.QActive_get_)
    i.QActive_postLIFO_                      0x0000068c   Section        0  qf_actq.o(i.QActive_postLIFO_)
    i.QActive_post_                          0x00000740   Section        0  qf_actq.o(i.QActive_post_)
    i.QActive_start_                         0x00000830   Section        0  qxk.o(i.QActive_start_)
    i.QEQueue_init                           0x000008c4   Section        0  qf_qeq.o(i.QEQueue_init)
    i.QF_add_                                0x000008dc   Section        0  qf_act.o(i.QF_add_)
    i.QF_bzero                               0x00000930   Section        0  qf_act.o(i.QF_bzero)
    i.QF_gc                                  0x00000944   Section        0  qf_dyn.o(i.QF_gc)
    i.QF_get_BASEPRI                         0x000009bc   Section        0  qf_actq.o(i.QF_get_BASEPRI)
    QF_get_BASEPRI                           0x000009bd   Thumb Code     6  qf_actq.o(i.QF_get_BASEPRI)
    i.QF_get_BASEPRI                         0x000009c2   Section        0  qf_time.o(i.QF_get_BASEPRI)
    QF_get_BASEPRI                           0x000009c3   Thumb Code     6  qf_time.o(i.QF_get_BASEPRI)
    i.QF_get_BASEPRI                         0x000009c8   Section        0  qxk.o(i.QF_get_BASEPRI)
    QF_get_BASEPRI                           0x000009c9   Thumb Code     6  qxk.o(i.QF_get_BASEPRI)
    i.QF_get_BASEPRI                         0x000009ce   Section        0  qxk_sema.o(i.QF_get_BASEPRI)
    QF_get_BASEPRI                           0x000009cf   Thumb Code     6  qxk_sema.o(i.QF_get_BASEPRI)
    i.QF_get_BASEPRI                         0x000009d4   Section        0  qxk_xthr.o(i.QF_get_BASEPRI)
    QF_get_BASEPRI                           0x000009d5   Thumb Code     6  qxk_xthr.o(i.QF_get_BASEPRI)
    i.QF_init                                0x000009dc   Section        0  qxk.o(i.QF_init)
    i.QF_onStartup                           0x00000a48   Section        0  bsp.o(i.QF_onStartup)
    i.QF_run                                 0x00000ab8   Section        0  qxk.o(i.QF_run)
    i.QF_set_BASEPRI                         0x00000adc   Section        0  bsp.o(i.QF_set_BASEPRI)
    QF_set_BASEPRI                           0x00000add   Thumb Code     6  bsp.o(i.QF_set_BASEPRI)
    i.QF_set_BASEPRI                         0x00000ae2   Section        0  qf_act.o(i.QF_set_BASEPRI)
    QF_set_BASEPRI                           0x00000ae3   Thumb Code     6  qf_act.o(i.QF_set_BASEPRI)
    i.QF_set_BASEPRI                         0x00000ae8   Section        0  qf_actq.o(i.QF_set_BASEPRI)
    QF_set_BASEPRI                           0x00000ae9   Thumb Code     6  qf_actq.o(i.QF_set_BASEPRI)
    i.QF_set_BASEPRI                         0x00000aee   Section        0  qf_dyn.o(i.QF_set_BASEPRI)
    QF_set_BASEPRI                           0x00000aef   Thumb Code     6  qf_dyn.o(i.QF_set_BASEPRI)
    i.QF_set_BASEPRI                         0x00000af4   Section        0  qf_mem.o(i.QF_set_BASEPRI)
    QF_set_BASEPRI                           0x00000af5   Thumb Code     6  qf_mem.o(i.QF_set_BASEPRI)
    i.QF_set_BASEPRI                         0x00000afa   Section        0  qf_time.o(i.QF_set_BASEPRI)
    QF_set_BASEPRI                           0x00000afb   Thumb Code     6  qf_time.o(i.QF_set_BASEPRI)
    i.QF_set_BASEPRI                         0x00000b00   Section        0  qxk.o(i.QF_set_BASEPRI)
    QF_set_BASEPRI                           0x00000b01   Thumb Code     6  qxk.o(i.QF_set_BASEPRI)
    i.QF_set_BASEPRI                         0x00000b06   Section        0  qxk_sema.o(i.QF_set_BASEPRI)
    QF_set_BASEPRI                           0x00000b07   Thumb Code     6  qxk_sema.o(i.QF_set_BASEPRI)
    i.QF_set_BASEPRI                         0x00000b0c   Section        0  qxk_xthr.o(i.QF_set_BASEPRI)
    QF_set_BASEPRI                           0x00000b0d   Thumb Code     6  qxk_xthr.o(i.QF_set_BASEPRI)
    i.QF_tickX_                              0x00000b14   Section        0  qf_time.o(i.QF_tickX_)
    i.QHsm_ctor                              0x00000c0c   Section        0  qep_hsm.o(i.QHsm_ctor)
    i.QHsm_dispatch_                         0x00000c20   Section        0  qep_hsm.o(i.QHsm_dispatch_)
    i.QHsm_init_                             0x00000d2c   Section        0  qep_hsm.o(i.QHsm_init_)
    i.QHsm_top                               0x00000de0   Section        0  qep_hsm.o(i.QHsm_top)
    i.QHsm_tran_                             0x00000de8   Section        0  qep_hsm.o(i.QHsm_tran_)
    QHsm_tran_                               0x00000de9   Thumb Code   338  qep_hsm.o(i.QHsm_tran_)
    i.QMPool_put                             0x00000f44   Section        0  qf_mem.o(i.QMPool_put)
    i.QTicker_dispatch_                      0x00000f9c   Section        0  qf_actq.o(i.QTicker_dispatch_)
    QTicker_dispatch_                        0x00000f9d   Thumb Code    64  qf_actq.o(i.QTicker_dispatch_)
    i.QTicker_init_                          0x00000fdc   Section        0  qf_actq.o(i.QTicker_init_)
    QTicker_init_                            0x00000fdd   Thumb Code     6  qf_actq.o(i.QTicker_init_)
    i.QTicker_postLIFO_                      0x00000fe4   Section        0  qf_actq.o(i.QTicker_postLIFO_)
    QTicker_postLIFO_                        0x00000fe5   Thumb Code    18  qf_actq.o(i.QTicker_postLIFO_)
    i.QTicker_post_                          0x00000ffc   Section        0  qf_actq.o(i.QTicker_post_)
    QTicker_post_                            0x00000ffd   Thumb Code   120  qf_actq.o(i.QTicker_post_)
    i.QTimeEvt_ctorX                         0x0000107c   Section        0  qf_time.o(i.QTimeEvt_ctorX)
    i.QXK_activate_                          0x000010b4   Section        0  qxk.o(i.QXK_activate_)
    i.QXK_get_IPSR                           0x000011a8   Section        0  qxk_xthr.o(i.QXK_get_IPSR)
    QXK_get_IPSR                             0x000011a9   Thumb Code     6  qxk_xthr.o(i.QXK_get_IPSR)
    i.QXK_init                               0x000011b0   Section        0  qxk_port.o(i.QXK_init)
    i.QXK_onIdle                             0x0000121c   Section        0  bsp.o(i.QXK_onIdle)
    i.QXK_sched_                             0x0000122c   Section        0  qxk.o(i.QXK_sched_)
    i.QXK_stackInit_                         0x000012dc   Section        0  qxk_port.o(i.QXK_stackInit_)
    i.QXK_threadRet_                         0x00001388   Section        0  qxk_xthr.o(i.QXK_threadRet_)
    i.QXSemaphore_init                       0x00001400   Section        0  qxk_sema.o(i.QXSemaphore_init)
    i.QXSemaphore_signal                     0x00001424   Section        0  qxk_sema.o(i.QXSemaphore_signal)
    i.QXSemaphore_wait                       0x000014ec   Section        0  qxk_sema.o(i.QXSemaphore_wait)
    i.QXThread_block_                        0x00001610   Section        0  qxk_xthr.o(i.QXThread_block_)
    i.QXThread_ctor                          0x00001650   Section        0  qxk_xthr.o(i.QXThread_ctor)
    i.QXThread_delay                         0x0000167c   Section        0  qxk_xthr.o(i.QXThread_delay)
    i.QXThread_dispatch_                     0x0000172c   Section        0  qxk_xthr.o(i.QXThread_dispatch_)
    QXThread_dispatch_                       0x0000172d   Thumb Code    16  qxk_xthr.o(i.QXThread_dispatch_)
    i.QXThread_init_                         0x00001740   Section        0  qxk_xthr.o(i.QXThread_init_)
    QXThread_init_                           0x00001741   Thumb Code    16  qxk_xthr.o(i.QXThread_init_)
    i.QXThread_postLIFO_                     0x00001754   Section        0  qxk_xthr.o(i.QXThread_postLIFO_)
    QXThread_postLIFO_                       0x00001755   Thumb Code    18  qxk_xthr.o(i.QXThread_postLIFO_)
    i.QXThread_post_                         0x0000176c   Section        0  qxk_xthr.o(i.QXThread_post_)
    QXThread_post_                           0x0000176d   Thumb Code   310  qxk_xthr.o(i.QXThread_post_)
    i.QXThread_start_                        0x000018ac   Section        0  qxk_xthr.o(i.QXThread_start_)
    QXThread_start_                          0x000018ad   Thumb Code   158  qxk_xthr.o(i.QXThread_start_)
    i.QXThread_teArm_                        0x00001954   Section        0  qxk_xthr.o(i.QXThread_teArm_)
    i.QXThread_teDisarm_                     0x000019b8   Section        0  qxk_xthr.o(i.QXThread_teDisarm_)
    i.QXThread_unblock_                      0x000019cc   Section        0  qxk_xthr.o(i.QXThread_unblock_)
    i.Q_onAssert                             0x00001a00   Section        0  bsp.o(i.Q_onAssert)
    i.SysTick_Handler                        0x00001a44   Section        0  bsp.o(i.SysTick_Handler)
    i.SystemCoreClockUpdate                  0x00001a78   Section        0  system_tm4c123gh6pm.o(i.SystemCoreClockUpdate)
    i.SystemInit                             0x00001b3c   Section        0  system_tm4c123gh6pm.o(i.SystemInit)
    i.__NVIC_SetPriority                     0x00001be0   Section        0  bsp.o(i.__NVIC_SetPriority)
    __NVIC_SetPriority                       0x00001be1   Thumb Code    32  bsp.o(i.__NVIC_SetPriority)
    i.getOscClk                              0x00001c08   Section        0  system_tm4c123gh6pm.o(i.getOscClk)
    getOscClk                                0x00001c09   Thumb Code   182  system_tm4c123gh6pm.o(i.getOscClk)
    i.initial_events                         0x00001d00   Section        0  qxk.o(i.initial_events)
    initial_events                           0x00001d01   Thumb Code    20  qxk.o(i.initial_events)
    i.main                                   0x00001d18   Section        0  main.o(i.main)
    i.main_blinky1                           0x00001d9c   Section        0  main.o(i.main_blinky1)
    i.main_blinky2                           0x00001dc8   Section        0  main.o(i.main_blinky2)
    .constdata                               0x00001df8   Section       40  qep_hsm.o(.constdata)
    Q_this_module_                           0x00001df8   Data           8  qep_hsm.o(.constdata)
    QEP_reservedEvt_                         0x00001e06   Data          16  qep_hsm.o(.constdata)
    vtbl                                     0x00001e18   Data           8  qep_hsm.o(.constdata)
    .constdata                               0x00001e20   Section        7  qf_act.o(.constdata)
    Q_this_module_                           0x00001e20   Data           7  qf_act.o(.constdata)
    .constdata                               0x00001e28   Section       32  qf_actq.o(.constdata)
    Q_this_module_                           0x00001e28   Data           8  qf_actq.o(.constdata)
    vtbl                                     0x00001e30   Data          20  qf_actq.o(.constdata)
    tickEvt                                  0x00001e44   Data           4  qf_actq.o(.constdata)
    .constdata                               0x00001e48   Section        7  qf_dyn.o(.constdata)
    Q_this_module_                           0x00001e48   Data           7  qf_dyn.o(.constdata)
    .constdata                               0x00001e4f   Section        7  qf_mem.o(.constdata)
    Q_this_module_                           0x00001e4f   Data           7  qf_mem.o(.constdata)
    .constdata                               0x00001e58   Section       20  qf_qact.o(.constdata)
    vtbl                                     0x00001e58   Data          20  qf_qact.o(.constdata)
    .constdata                               0x00001e6c   Section        8  qf_time.o(.constdata)
    Q_this_module_                           0x00001e6c   Data           8  qf_time.o(.constdata)
    .constdata                               0x00001e74   Section        4  qxk.o(.constdata)
    Q_this_module_                           0x00001e74   Data           4  qxk.o(.constdata)
    .constdata                               0x00001e78   Section        9  qxk_sema.o(.constdata)
    Q_this_module_                           0x00001e78   Data           9  qxk_sema.o(.constdata)
    .constdata                               0x00001e84   Section       32  qxk_xthr.o(.constdata)
    Q_this_module_                           0x00001e84   Data           9  qxk_xthr.o(.constdata)
    vtbl                                     0x00001e90   Data          20  qxk_xthr.o(.constdata)
    .data                                    0x20000000   Section        8  main.o(.data)
    .data                                    0x20000008   Section        4  system_tm4c123gh6pm.o(.data)
    .data                                    0x2000000c   Section        4  qf_dyn.o(.data)
    .data                                    0x20000010   Section        8  qf_ps.o(.data)
    .bss                                     0x20000018   Section      648  main.o(.bss)
    .bss                                     0x200002a0   Section      132  qf_act.o(.bss)
    .bss                                     0x20000324   Section       60  qf_dyn.o(.bss)
    .bss                                     0x20000360   Section       32  qf_time.o(.bss)
    .bss                                     0x20000380   Section       60  qxk.o(.bss)
    l_idleThread                             0x20000394   Data          40  qxk.o(.bss)
    .bss                                     0x200003bc   Section       96  libspace.o(.bss)
    HEAP                                     0x20000420   Section       16  startup_tm4c123gh6pm.o(HEAP)
    __heap_base                              0x20000420   Data           0  startup_tm4c123gh6pm.o(HEAP)
    STACK                                    0x20000430   Section     1024  startup_tm4c123gh6pm.o(STACK)
    __heap_limit                             0x20000430   Data           0  startup_tm4c123gh6pm.o(HEAP)
    __stack_base                             0x20000430   Data           0  startup_tm4c123gh6pm.o(STACK)
    __initial_sp                             0x20000830   Data           0  startup_tm4c123gh6pm.o(STACK)
    __stack_limit                            0x20000830   Data           0  startup_tm4c123gh6pm.o(STACK)

    Global Symbols

    Symbol Name                              Value     Ov Type        Size  Object(Section)

    BuildAttributes$$THM_ISAv4$E$P$D$K$B$S$7EM$PE$A:L22UL41UL21$X:L11$S22US41US21$IEEE1$IW$USESV6$~STKCKD$USESV7$~SHL$OSPACE$ROPI$EBA8$UX$STANDARDLIB$REQ8$PRES8$EABIv2 0x00000000   Number         0  anon$$obj.o ABSOLUTE
    __ARM_use_no_argv                        0x00000000   Number         0  main.o ABSOLUTE
    __Vectors                                0x00000000   Data           0  startup_tm4c123gh6pm.o(RESET)
    __ARM_exceptions_init                     - Undefined Weak Reference
    __alloca_initialize                       - Undefined Weak Reference
    __arm_preinit_                            - Undefined Weak Reference
    __cpp_initialize__aeabi_                  - Undefined Weak Reference
    __cxa_finalize                            - Undefined Weak Reference
    __rt_locale                               - Undefined Weak Reference
    __sigvec_lookup                           - Undefined Weak Reference
    _atexit_init                              - Undefined Weak Reference
    _call_atexit_fns                          - Undefined Weak Reference
    _clock_init                               - Undefined Weak Reference
    _fp_trap_init                             - Undefined Weak Reference
    _fp_trap_shutdown                         - Undefined Weak Reference
    _get_lc_collate                           - Undefined Weak Reference
    _get_lc_ctype                             - Undefined Weak Reference
    _get_lc_monetary                          - Undefined Weak Reference
    _get_lc_numeric                           - Undefined Weak Reference
    _get_lc_time                              - Undefined Weak Reference
    _getenv_init                              - Undefined Weak Reference
    _handle_redirection                       - Undefined Weak Reference
    _init_alloc                               - Undefined Weak Reference
    _init_user_alloc                          - Undefined Weak Reference
    _initio                                   - Undefined Weak Reference
    _rand_init                                - Undefined Weak Reference
    _signal_finish                            - Undefined Weak Reference
    _signal_init                              - Undefined Weak Reference
    _terminate_alloc                          - Undefined Weak Reference
    _terminate_user_alloc                     - Undefined Weak Reference
    _terminateio                              - Undefined Weak Reference
    __Vectors_End                            0x0000026c   Data           0  startup_tm4c123gh6pm.o(RESET)
    __Vectors_Size                           0x0000026c   Number         0  startup_tm4c123gh6pm.o ABSOLUTE
    __main                                   0x0000026d   Thumb Code     8  __main.o(!!!main)
    __scatterload                            0x00000275   Thumb Code     0  __scatter.o(!!!scatter)
    __scatterload_rt2                        0x00000275   Thumb Code    44  __scatter.o(!!!scatter)
    __scatterload_rt2_thumb_only             0x00000275   Thumb Code     0  __scatter.o(!!!scatter)
    __scatterload_null                       0x00000283   Thumb Code     0  __scatter.o(!!!scatter)
    __scatterload_copy                       0x000002a9   Thumb Code    26  __scatter_copy.o(!!handler_copy)
    __scatterload_zeroinit                   0x000002c5   Thumb Code    28  __scatter_zi.o(!!handler_zi)
    __rt_lib_init                            0x000002e1   Thumb Code     0  libinit.o(.ARM.Collect$$libinit$$00000000)
    __rt_lib_init_alloca_1                   0x000002e3   Thumb Code     0  libinit2.o(.ARM.Collect$$libinit$$0000002E)
    __rt_lib_init_argv_1                     0x000002e3   Thumb Code     0  libinit2.o(.ARM.Collect$$libinit$$0000002C)
    __rt_lib_init_atexit_1                   0x000002e3   Thumb Code     0  libinit2.o(.ARM.Collect$$libinit$$0000001B)
    __rt_lib_init_clock_1                    0x000002e3   Thumb Code     0  libinit2.o(.ARM.Collect$$libinit$$00000021)
    __rt_lib_init_cpp_1                      0x000002e3   Thumb Code     0  libinit2.o(.ARM.Collect$$libinit$$00000032)
    __rt_lib_init_exceptions_1               0x000002e3   Thumb Code     0  libinit2.o(.ARM.Collect$$libinit$$00000030)
    __rt_lib_init_fp_1                       0x000002e3   Thumb Code     0  libinit2.o(.ARM.Collect$$libinit$$00000002)
    __rt_lib_init_fp_trap_1                  0x000002e3   Thumb Code     0  libinit2.o(.ARM.Collect$$libinit$$0000001F)
    __rt_lib_init_getenv_1                   0x000002e3   Thumb Code     0  libinit2.o(.ARM.Collect$$libinit$$00000023)
    __rt_lib_init_heap_1                     0x000002e3   Thumb Code     0  libinit2.o(.ARM.Collect$$libinit$$0000000A)
    __rt_lib_init_lc_collate_1               0x000002e3   Thumb Code     0  libinit2.o(.ARM.Collect$$libinit$$00000011)
    __rt_lib_init_lc_ctype_1                 0x000002e3   Thumb Code     0  libinit2.o(.ARM.Collect$$libinit$$00000013)
    __rt_lib_init_lc_monetary_1              0x000002e3   Thumb Code     0  libinit2.o(.ARM.Collect$$libinit$$00000015)
    __rt_lib_init_lc_numeric_1               0x000002e3   Thumb Code     0  libinit2.o(.ARM.Collect$$libinit$$00000017)
    __rt_lib_init_lc_time_1                  0x000002e3   Thumb Code     0  libinit2.o(.ARM.Collect$$libinit$$00000019)
    __rt_lib_init_preinit_1                  0x000002e3   Thumb Code     0  libinit2.o(.ARM.Collect$$libinit$$00000004)
    __rt_lib_init_rand_1                     0x000002e3   Thumb Code     0  libinit2.o(.ARM.Collect$$libinit$$0000000E)
    __rt_lib_init_return                     0x000002e3   Thumb Code     0  libinit2.o(.ARM.Collect$$libinit$$00000033)
    __rt_lib_init_signal_1                   0x000002e3   Thumb Code     0  libinit2.o(.ARM.Collect$$libinit$$0000001D)
    __rt_lib_init_stdio_1                    0x000002e3   Thumb Code     0  libinit2.o(.ARM.Collect$$libinit$$00000025)
    __rt_lib_init_user_alloc_1               0x000002e3   Thumb Code     0  libinit2.o(.ARM.Collect$$libinit$$0000000C)
    __rt_lib_shutdown                        0x000002e5   Thumb Code     0  libshutdown.o(.ARM.Collect$$libshutdown$$00000000)
    __rt_lib_shutdown_cpp_1                  0x000002e7   Thumb Code     0  libshutdown2.o(.ARM.Collect$$libshutdown$$00000002)
    __rt_lib_shutdown_fp_trap_1              0x000002e7   Thumb Code     0  libshutdown2.o(.ARM.Collect$$libshutdown$$00000007)
    __rt_lib_shutdown_heap_1                 0x000002e7   Thumb Code     0  libshutdown2.o(.ARM.Collect$$libshutdown$$0000000F)
    __rt_lib_shutdown_return                 0x000002e7   Thumb Code     0  libshutdown2.o(.ARM.Collect$$libshutdown$$00000010)
    __rt_lib_shutdown_signal_1               0x000002e7   Thumb Code     0  libshutdown2.o(.ARM.Collect$$libshutdown$$0000000A)
    __rt_lib_shutdown_stdio_1                0x000002e7   Thumb Code     0  libshutdown2.o(.ARM.Collect$$libshutdown$$00000004)
    __rt_lib_shutdown_user_alloc_1           0x000002e7   Thumb Code     0  libshutdown2.o(.ARM.Collect$$libshutdown$$0000000C)
    __rt_entry                               0x000002e9   Thumb Code     0  __rtentry.o(.ARM.Collect$$rtentry$$00000000)
    __rt_entry_presh_1                       0x000002e9   Thumb Code     0  __rtentry2.o(.ARM.Collect$$rtentry$$00000002)
    __rt_entry_sh                            0x000002e9   Thumb Code     0  __rtentry4.o(.ARM.Collect$$rtentry$$00000004)
    __rt_entry_li                            0x000002ef   Thumb Code     0  __rtentry2.o(.ARM.Collect$$rtentry$$0000000A)
    __rt_entry_postsh_1                      0x000002ef   Thumb Code     0  __rtentry2.o(.ARM.Collect$$rtentry$$00000009)
    __rt_entry_main                          0x000002f3   Thumb Code     0  __rtentry2.o(.ARM.Collect$$rtentry$$0000000D)
    __rt_entry_postli_1                      0x000002f3   Thumb Code     0  __rtentry2.o(.ARM.Collect$$rtentry$$0000000C)
    __rt_exit                                0x000002fb   Thumb Code     0  rtexit.o(.ARM.Collect$$rtexit$$00000000)
    __rt_exit_ls                             0x000002fd   Thumb Code     0  rtexit2.o(.ARM.Collect$$rtexit$$00000003)
    __rt_exit_prels_1                        0x000002fd   Thumb Code     0  rtexit2.o(.ARM.Collect$$rtexit$$00000002)
    __rt_exit_exit                           0x00000301   Thumb Code     0  rtexit2.o(.ARM.Collect$$rtexit$$00000004)
    PendSV_Handler                           0x00000309   Thumb Code   152  qxk_port.o(.emb_text)
    Thread_ret                               0x000003b1   Thumb Code    12  qxk_port.o(.emb_text)
    NMI_Handler                              0x000003c1   Thumb Code    12  qxk_port.o(.emb_text)
    Reset_Handler                            0x000003cd   Thumb Code    14  startup_tm4c123gh6pm.o(.text)
    HardFault_Handler                        0x000003e1   Thumb Code     6  startup_tm4c123gh6pm.o(.text)
    MemManage_Handler                        0x000003e7   Thumb Code     6  startup_tm4c123gh6pm.o(.text)
    BusFault_Handler                         0x000003ed   Thumb Code     6  startup_tm4c123gh6pm.o(.text)
    UsageFault_Handler                       0x000003f3   Thumb Code     6  startup_tm4c123gh6pm.o(.text)
    SVC_Handler                              0x000003f9   Thumb Code     6  startup_tm4c123gh6pm.o(.text)
    DebugMon_Handler                         0x000003ff   Thumb Code     6  startup_tm4c123gh6pm.o(.text)
    ADC1Seq0_IRQHandler                      0x00000411   Thumb Code     0  startup_tm4c123gh6pm.o(.text)
    ADC1Seq1_IRQHandler                      0x00000411   Thumb Code     0  startup_tm4c123gh6pm.o(.text)
    ADC1Seq2_IRQHandler                      0x00000411   Thumb Code     0  startup_tm4c123gh6pm.o(.text)
    ADC1Seq3_IRQHandler                      0x00000411   Thumb Code     0  startup_tm4c123gh6pm.o(.text)
    ADCSeq0_IRQHandler                       0x00000411   Thumb Code     0  startup_tm4c123gh6pm.o(.text)
    ADCSeq1_IRQHandler                       0x00000411   Thumb Code     0  startup_tm4c123gh6pm.o(.text)
    ADCSeq2_IRQHandler                       0x00000411   Thumb Code     0  startup_tm4c123gh6pm.o(.text)
    ADCSeq3_IRQHandler                       0x00000411   Thumb Code     0  startup_tm4c123gh6pm.o(.text)
    CAN0_IRQHandler                          0x00000411   Thumb Code     0  startup_tm4c123gh6pm.o(.text)
    CAN1_IRQHandler                          0x00000411   Thumb Code     0  startup_tm4c123gh6pm.o(.text)
    CAN2_IRQHandler                          0x00000411   Thumb Code     0  startup_tm4c123gh6pm.o(.text)
    Comp0_IRQHandler                         0x00000411   Thumb Code     0  startup_tm4c123gh6pm.o(.text)
    Comp1_IRQHandler                         0x00000411   Thumb Code     0  startup_tm4c123gh6pm.o(.text)
    Comp2_IRQHandler                         0x00000411   Thumb Code     0  startup_tm4c123gh6pm.o(.text)
    FPU_IRQHandler                           0x00000411   Thumb Code     0  startup_tm4c123gh6pm.o(.text)
    FlashCtrl_IRQHandler                     0x00000411   Thumb Code     0  startup_tm4c123gh6pm.o(.text)
    GPIOPortA_IRQHandler                     0x00000411   Thumb Code     0  startup_tm4c123gh6pm.o(.text)
    GPIOPortB_IRQHandler                     0x00000411   Thumb Code     0  startup_tm4c123gh6pm.o(.text)
    GPIOPortC_IRQHandler                     0x00000411   Thumb Code     0  startup_tm4c123gh6pm.o(.text)
    GPIOPortD_IRQHandler                     0x00000411   Thumb Code     0  startup_tm4c123gh6pm.o(.text)
    GPIOPortE_IRQHandler                     0x00000411   Thumb Code     0  startup_tm4c123gh6pm.o(.text)
    GPIOPortG_IRQHandler                     0x00000411   Thumb Code     0  startup_tm4c123gh6pm.o(.text)
    GPIOPortH_IRQHandler                     0x00000411   Thumb Code     0  startup_tm4c123gh6pm.o(.text)
    GPIOPortJ_IRQHandler                     0x00000411   Thumb Code     0  startup_tm4c123gh6pm.o(.text)
    GPIOPortK_IRQHandler                     0x00000411   Thumb Code     0  startup_tm4c123gh6pm.o(.text)
    GPIOPortL_IRQHandler                     0x00000411   Thumb Code     0  startup_tm4c123gh6pm.o(.text)
    GPIOPortM_IRQHandler                     0x00000411   Thumb Code     0  startup_tm4c123gh6pm.o(.text)
    GPIOPortN_IRQHandler                     0x00000411   Thumb Code     0  startup_tm4c123gh6pm.o(.text)
    GPIOPortP0_IRQHandler                    0x00000411   Thumb Code     0  startup_tm4c123gh6pm.o(.text)
    GPIOPortP1_IRQHandler                    0x00000411   Thumb Code     0  startup_tm4c123gh6pm.o(.text)
    GPIOPortP2_IRQHandler                    0x00000411   Thumb Code     0  startup_tm4c123gh6pm.o(.text)
    GPIOPortP3_IRQHandler                    0x00000411   Thumb Code     0  startup_tm4c123gh6pm.o(.text)
    GPIOPortP4_IRQHandler                    0x00000411   Thumb Code     0  startup_tm4c123gh6pm.o(.text)
    GPIOPortP5_IRQHandler                    0x00000411   Thumb Code     0  startup_tm4c123gh6pm.o(.text)
    GPIOPortP6_IRQHandler                    0x00000411   Thumb Code     0  startup_tm4c123gh6pm.o(.text)
    GPIOPortP7_IRQHandler                    0x00000411   Thumb Code     0  startup_tm4c123gh6pm.o(.text)
    GPIOPortQ0_IRQHandler                    0x00000411   Thumb Code     0  startup_tm4c123gh6pm.o(.text)
    GPIOPortQ1_IRQHandler                    0x00000411   Thumb Code     0  startup_tm4c123gh6pm.o(.text)
    GPIOPortQ2_IRQHandler                    0x00000411   Thumb Code     0  startup_tm4c123gh6pm.o(.text)
    GPIOPortQ3_IRQHandler                    0x00000411   Thumb Code     0  startup_tm4c123gh6pm.o(.text)
    GPIOPortQ4_IRQHandler                    0x00000411   Thumb Code     0  startup_tm4c123gh6pm.o(.text)
    GPIOPortQ5_IRQHandler                    0x00000411   Thumb Code     0  startup_tm4c123gh6pm.o(.text)
    GPIOPortQ6_IRQHandler                    0x00000411   Thumb Code     0  startup_tm4c123gh6pm.o(.text)
    GPIOPortQ7_IRQHandler                    0x00000411   Thumb Code     0  startup_tm4c123gh6pm.o(.text)
    GPIOPortR_IRQHandler                     0x00000411   Thumb Code     0  startup_tm4c123gh6pm.o(.text)
    GPIOPortS_IRQHandler                     0x00000411   Thumb Code     0  startup_tm4c123gh6pm.o(.text)
    Hibernate_IRQHandler                     0x00000411   Thumb Code     0  startup_tm4c123gh6pm.o(.text)
    I2C0_IRQHandler                          0x00000411   Thumb Code     0  startup_tm4c123gh6pm.o(.text)
    I2C1_IRQHandler                          0x00000411   Thumb Code     0  startup_tm4c123gh6pm.o(.text)
    I2C2_IRQHandler                          0x00000411   Thumb Code     0  startup_tm4c123gh6pm.o(.text)
    I2C3_IRQHandler                          0x00000411   Thumb Code     0  startup_tm4c123gh6pm.o(.text)
    I2C4_IRQHandler                          0x00000411   Thumb Code     0  startup_tm4c123gh6pm.o(.text)
    I2C5_IRQHandler                          0x00000411   Thumb Code     0  startup_tm4c123gh6pm.o(.text)
    PWM1Fault_IRQHandler                     0x00000411   Thumb Code     0  startup_tm4c123gh6pm.o(.text)
    PWM1Gen0_IRQHandler                      0x00000411   Thumb Code     0  startup_tm4c123gh6pm.o(.text)
    PWM1Gen1_IRQHandler                      0x00000411   Thumb Code     0  startup_tm4c123gh6pm.o(.text)
    PWM1Gen2_IRQHandler                      0x00000411   Thumb Code     0  startup_tm4c123gh6pm.o(.text)
    PWM1Gen3_IRQHandler                      0x00000411   Thumb Code     0  startup_tm4c123gh6pm.o(.text)
    PWMFault_IRQHandler                      0x00000411   Thumb Code     0  startup_tm4c123gh6pm.o(.text)
    PWMGen0_IRQHandler                       0x00000411   Thumb Code     0  startup_tm4c123gh6pm.o(.text)
    PWMGen1_IRQHandler                       0x00000411   Thumb Code     0  startup_tm4c123gh6pm.o(.text)
    PWMGen2_IRQHandler                       0x00000411   Thumb Code     0  startup_tm4c123gh6pm.o(.text)
    PWMGen3_IRQHandler                       0x00000411   Thumb Code     0  startup_tm4c123gh6pm.o(.text)
    QEI0_IRQHandler                          0x00000411   Thumb Code     0  startup_tm4c123gh6pm.o(.text)
    QEI1_IRQHandler                          0x00000411   Thumb Code     0  startup_tm4c123gh6pm.o(.text)
    QEI2_IRQHandler                          0x00000411   Thumb Code     0  startup_tm4c123gh6pm.o(.text)
    SSI0_IRQHandler                          0x00000411   Thumb Code     0  startup_tm4c123gh6pm.o(.text)
    SSI1_IRQHandler                          0x00000411   Thumb Code     0  startup_tm4c123gh6pm.o(.text)
    SSI2_IRQHandler                          0x00000411   Thumb Code     0  startup_tm4c123gh6pm.o(.text)
    SSI3_IRQHandler                          0x00000411   Thumb Code     0  startup_tm4c123gh6pm.o(.text)
    SysCtrl_IRQHandler                       0x00000411   Thumb Code     0  startup_tm4c123gh6pm.o(.text)
    Timer0A_IRQHandler                       0x00000411   Thumb Code     0  startup_tm4c123gh6pm.o(.text)
    Timer0B_IRQHandler                       0x00000411   Thumb Code     0  startup_tm4c123gh6pm.o(.text)
    Timer1A_IRQHandler                       0x00000411   Thumb Code     0  startup_tm4c123gh6pm.o(.text)
    Timer1B_IRQHandler                       0x00000411   Thumb Code     0  startup_tm4c123gh6pm.o(.text)
    Timer2A_IRQHandler                       0x00000411   Thumb Code     0  startup_tm4c123gh6pm.o(.text)
    Timer2B_IRQHandler                       0x00000411   Thumb Code     0  startup_tm4c123gh6pm.o(.text)
    Timer3A_IRQHandler                       0x00000411   Thumb Code     0  startup_tm4c123gh6pm.o(.text)
    Timer3B_IRQHandler                       0x00000411   Thumb Code     0  startup_tm4c123gh6pm.o(.text)
    Timer4A_IRQHandler                       0x00000411   Thumb Code     0  startup_tm4c123gh6pm.o(.text)
    Timer4B_IRQHandler                       0x00000411   Thumb Code     0  startup_tm4c123gh6pm.o(.text)
    Timer5A_IRQHandler                       0x00000411   Thumb Code     0  startup_tm4c123gh6pm.o(.text)
    Timer5B_IRQHandler                       0x00000411   Thumb Code     0  startup_tm4c123gh6pm.o(.text)
    UART0_IRQHandler                         0x00000411   Thumb Code     0  startup_tm4c123gh6pm.o(.text)
    UART1_IRQHandler                         0x00000411   Thumb Code     0  startup_tm4c123gh6pm.o(.text)
    UART2_IRQHandler                         0x00000411   Thumb Code     0  startup_tm4c123gh6pm.o(.text)
    UART3_IRQHandler                         0x00000411   Thumb Code     0  startup_tm4c123gh6pm.o(.text)
    UART4_IRQHandler                         0x00000411   Thumb Code     0  startup_tm4c123gh6pm.o(.text)
    UART5_IRQHandler                         0x00000411   Thumb Code     0  startup_tm4c123gh6pm.o(.text)
    UART6_IRQHandler                         0x00000411   Thumb Code     0  startup_tm4c123gh6pm.o(.text)
    UART7_IRQHandler                         0x00000411   Thumb Code     0  startup_tm4c123gh6pm.o(.text)
    USB0_IRQHandler                          0x00000411   Thumb Code     0  startup_tm4c123gh6pm.o(.text)
    Watchdog_IRQHandler                      0x00000411   Thumb Code     0  startup_tm4c123gh6pm.o(.text)
    WideTimer0A_IRQHandler                   0x00000411   Thumb Code     0  startup_tm4c123gh6pm.o(.text)
    WideTimer0B_IRQHandler                   0x00000411   Thumb Code     0  startup_tm4c123gh6pm.o(.text)
    WideTimer1A_IRQHandler                   0x00000411   Thumb Code     0  startup_tm4c123gh6pm.o(.text)
    WideTimer1B_IRQHandler                   0x00000411   Thumb Code     0  startup_tm4c123gh6pm.o(.text)
    WideTimer2A_IRQHandler                   0x00000411   Thumb Code     0  startup_tm4c123gh6pm.o(.text)
    WideTimer2B_IRQHandler                   0x00000411   Thumb Code     0  startup_tm4c123gh6pm.o(.text)
    WideTimer3A_IRQHandler                   0x00000411   Thumb Code     0  startup_tm4c123gh6pm.o(.text)
    WideTimer3B_IRQHandler                   0x00000411   Thumb Code     0  startup_tm4c123gh6pm.o(.text)
    WideTimer4A_IRQHandler                   0x00000411   Thumb Code     0  startup_tm4c123gh6pm.o(.text)
    WideTimer4B_IRQHandler                   0x00000411   Thumb Code     0  startup_tm4c123gh6pm.o(.text)
    WideTimer5A_IRQHandler                   0x00000411   Thumb Code     0  startup_tm4c123gh6pm.o(.text)
    WideTimer5B_IRQHandler                   0x00000411   Thumb Code     0  startup_tm4c123gh6pm.o(.text)
    uDMAError_IRQHandler                     0x00000411   Thumb Code     0  startup_tm4c123gh6pm.o(.text)
    uDMAST_IRQHandler                        0x00000411   Thumb Code     0  startup_tm4c123gh6pm.o(.text)
    __user_initial_stackheap                 0x00000419   Thumb Code    10  startup_tm4c123gh6pm.o(.text)
    assert_failed                            0x00000423   Thumb Code    10  startup_tm4c123gh6pm.o(.text)
    __use_two_region_memory                  0x00000449   Thumb Code     2  heapauxi.o(.text)
    __rt_heap_escrow$2region                 0x0000044b   Thumb Code     2  heapauxi.o(.text)
    __rt_heap_expand$2region                 0x0000044d   Thumb Code     2  heapauxi.o(.text)
    __user_setup_stackheap                   0x0000044f   Thumb Code    74  sys_stackheap_outer.o(.text)
    exit                                     0x00000499   Thumb Code    18  exit.o(.text)
    __user_libspace                          0x000004ad   Thumb Code     8  libspace.o(.text)
    __user_perproc_libspace                  0x000004ad   Thumb Code     0  libspace.o(.text)
    __user_perthread_libspace                0x000004ad   Thumb Code     0  libspace.o(.text)
    _sys_exit                                0x000004b5   Thumb Code     8  sys_exit.o(.text)
    __I$use$semihosting                      0x000004c1   Thumb Code     0  use_no_semi.o(.text)
    __use_no_semihosting_swi                 0x000004c1   Thumb Code     2  use_no_semi.o(.text)
    __semihosting_library_function           0x000004c3   Thumb Code     0  indicate_semi.o(.text)
    BSP_init                                 0x000004c5   Thumb Code   142  bsp.o(i.BSP_init)
    BSP_ledBlueOff                           0x00000565   Thumb Code     8  bsp.o(i.BSP_ledBlueOff)
    BSP_ledBlueOn                            0x00000571   Thumb Code     8  bsp.o(i.BSP_ledBlueOn)
    BSP_ledGreenOff                          0x0000057d   Thumb Code     8  bsp.o(i.BSP_ledGreenOff)
    BSP_ledGreenOn                           0x00000589   Thumb Code     8  bsp.o(i.BSP_ledGreenOn)
    GPIOPortF_IRQHandler                     0x00000595   Thumb Code    66  bsp.o(i.GPIOPortF_IRQHandler)
    QActive_ctor                             0x000005e5   Thumb Code    28  qf_qact.o(i.QActive_ctor)
    QActive_get_                             0x00000605   Thumb Code   130  qf_actq.o(i.QActive_get_)
    QActive_postLIFO_                        0x0000068d   Thumb Code   172  qf_actq.o(i.QActive_postLIFO_)
    QActive_post_                            0x00000741   Thumb Code   232  qf_actq.o(i.QActive_post_)
    QActive_start_                           0x00000831   Thumb Code   142  qxk.o(i.QActive_start_)
    QEQueue_init                             0x000008c5   Thumb Code    24  qf_qeq.o(i.QEQueue_init)
    QF_add_                                  0x000008dd   Thumb Code    74  qf_act.o(i.QF_add_)
    QF_bzero                                 0x00000931   Thumb Code    18  qf_act.o(i.QF_bzero)
    QF_gc                                    0x00000945   Thumb Code   106  qf_dyn.o(i.QF_gc)
    QF_init                                  0x000009dd   Thumb Code    80  qxk.o(i.QF_init)
    QF_onStartup                             0x00000a49   Thumb Code   106  bsp.o(i.QF_onStartup)
    QF_run                                   0x00000ab9   Thumb Code    36  qxk.o(i.QF_run)
    QF_tickX_                                0x00000b15   Thumb Code   238  qf_time.o(i.QF_tickX_)
    QHsm_ctor                                0x00000c0d   Thumb Code    12  qep_hsm.o(i.QHsm_ctor)
    QHsm_dispatch_                           0x00000c21   Thumb Code   258  qep_hsm.o(i.QHsm_dispatch_)
    QHsm_init_                               0x00000d2d   Thumb Code   168  qep_hsm.o(i.QHsm_init_)
    QHsm_top                                 0x00000de1   Thumb Code     6  qep_hsm.o(i.QHsm_top)
    QMPool_put                               0x00000f45   Thumb Code    82  qf_mem.o(i.QMPool_put)
    QTimeEvt_ctorX                           0x0000107d   Thumb Code    52  qf_time.o(i.QTimeEvt_ctorX)
    QXK_activate_                            0x000010b5   Thumb Code   226  qxk.o(i.QXK_activate_)
    QXK_init                                 0x000011b1   Thumb Code    94  qxk_port.o(i.QXK_init)
    QXK_onIdle                               0x0000121d   Thumb Code    12  bsp.o(i.QXK_onIdle)
    QXK_sched_                               0x0000122d   Thumb Code   158  qxk.o(i.QXK_sched_)
    QXK_stackInit_                           0x000012dd   Thumb Code   162  qxk_port.o(i.QXK_stackInit_)
    QXK_threadRet_                           0x00001389   Thumb Code   106  qxk_xthr.o(i.QXK_threadRet_)
    QXSemaphore_init                         0x00001401   Thumb Code    30  qxk_sema.o(i.QXSemaphore_init)
    QXSemaphore_signal                       0x00001425   Thumb Code   186  qxk_sema.o(i.QXSemaphore_signal)
    QXSemaphore_wait                         0x000014ed   Thumb Code   284  qxk_sema.o(i.QXSemaphore_wait)
    QXThread_block_                          0x00001611   Thumb Code    54  qxk_xthr.o(i.QXThread_block_)
    QXThread_ctor                            0x00001651   Thumb Code    40  qxk_xthr.o(i.QXThread_ctor)
    QXThread_delay                           0x0000167d   Thumb Code   168  qxk_xthr.o(i.QXThread_delay)
    QXThread_teArm_                          0x00001955   Thumb Code    90  qxk_xthr.o(i.QXThread_teArm_)
    QXThread_teDisarm_                       0x000019b9   Thumb Code    18  qxk_xthr.o(i.QXThread_teDisarm_)
    QXThread_unblock_                        0x000019cd   Thumb Code    42  qxk_xthr.o(i.QXThread_unblock_)
    Q_onAssert                               0x00001a01   Thumb Code    60  bsp.o(i.Q_onAssert)
    SysTick_Handler                          0x00001a45   Thumb Code    48  bsp.o(i.SysTick_Handler)
    SystemCoreClockUpdate                    0x00001a79   Thumb Code   184  system_tm4c123gh6pm.o(i.SystemCoreClockUpdate)
    SystemInit                               0x00001b3d   Thumb Code   126  system_tm4c123gh6pm.o(i.SystemInit)
    main                                     0x00001d19   Thumb Code   102  main.o(i.main)
    main_blinky1                             0x00001d9d   Thumb Code    42  main.o(i.main_blinky1)
    main_blinky2                             0x00001dc9   Thumb Code    44  main.o(i.main_blinky2)
    QP_versionStr                            0x00001e00   Data           6  qep_hsm.o(.constdata)
    Region$$Table$$Base                      0x00001ea4   Number         0  anon$$obj.o(Region$$Table)
    Region$$Table$$Limit                     0x00001ec4   Number         0  anon$$obj.o(Region$$Table)
    SW1_sema                                 0x20000000   Data           8  main.o(.data)
    SystemCoreClock                          0x20000008   Data           4  system_tm4c123gh6pm.o(.data)
    QF_maxPool_                              0x2000000c   Data           4  qf_dyn.o(.data)
    QF_subscrList_                           0x20000010   Data           4  qf_ps.o(.data)
    QF_maxPubSignal_                         0x20000014   Data           4  qf_ps.o(.data)
    stack_blinky1                            0x20000018   Data         160  main.o(.bss)
    blinky1                                  0x200000b8   Data          56  main.o(.bss)
    stack_blinky2                            0x200000f0   Data         160  main.o(.bss)
    blinky2                                  0x20000190   Data          56  main.o(.bss)
    stack_blinky3                            0x200001c8   Data         160  main.o(.bss)
    blinky3                                  0x20000268   Data          56  main.o(.bss)
    QF_active_                               0x200002a0   Data         132  qf_act.o(.bss)
    QF_pool_                                 0x20000324   Data          60  qf_dyn.o(.bss)
    QF_timeEvtHead_                          0x20000360   Data          32  qf_time.o(.bss)
    QXK_attr_                                0x20000380   Data          20  qxk.o(.bss)
    __libspace_start                         0x200003bc   Data          96  libspace.o(.bss)
    __temporary_stack_top$libspace           0x2000041c   Data           0  libspace.o(.bss)



==============================================================================

Memory Map of the image

  Image Entry point : 0x000003cd

  Load Region LR_IROM1 (Base: 0x00000000, Size: 0x00001edc, Max: 0x00040000, ABSOLUTE)

    Execution Region ER_IROM1 (Exec base: 0x00000000, Load base: 0x00000000, Size: 0x00001ec4, Max: 0x00040000, ABSOLUTE)

    Exec Addr    Load Addr    Size         Type   Attr      Idx    E Section Name        Object

    0x00000000   0x00000000   0x0000026c   Data   RO          275    RESET               startup_tm4c123gh6pm.o
    0x0000026c   0x0000026c   0x00000008   Code   RO         1129  * !!!main             c_w.l(__main.o)
    0x00000274   0x00000274   0x00000034   Code   RO         1286    !!!scatter          c_w.l(__scatter.o)
    0x000002a8   0x000002a8   0x0000001a   Code   RO         1288    !!handler_copy      c_w.l(__scatter_copy.o)
    0x000002c2   0x000002c2   0x00000002   PAD
    0x000002c4   0x000002c4   0x0000001c   Code   RO         1290    !!handler_zi        c_w.l(__scatter_zi.o)
    0x000002e0   0x000002e0   0x00000002   Code   RO         1156    .ARM.Collect$$libinit$$00000000  c_w.l(libinit.o)
    0x000002e2   0x000002e2   0x00000000   Code   RO         1163    .ARM.Collect$$libinit$$00000002  c_w.l(libinit2.o)
    0x000002e2   0x000002e2   0x00000000   Code   RO         1165    .ARM.Collect$$libinit$$00000004  c_w.l(libinit2.o)
    0x000002e2   0x000002e2   0x00000000   Code   RO         1168    .ARM.Collect$$libinit$$0000000A  c_w.l(libinit2.o)
    0x000002e2   0x000002e2   0x00000000   Code   RO         1170    .ARM.Collect$$libinit$$0000000C  c_w.l(libinit2.o)
    0x000002e2   0x000002e2   0x00000000   Code   RO         1172    .ARM.Collect$$libinit$$0000000E  c_w.l(libinit2.o)
    0x000002e2   0x000002e2   0x00000000   Code   RO         1175    .ARM.Collect$$libinit$$00000011  c_w.l(libinit2.o)
    0x000002e2   0x000002e2   0x00000000   Code   RO         1177    .ARM.Collect$$libinit$$00000013  c_w.l(libinit2.o)
    0x000002e2   0x000002e2   0x00000000   Code   RO         1179    .ARM.Collect$$libinit$$00000015  c_w.l(libinit2.o)
    0x000002e2   0x000002e2   0x00000000   Code   RO         1181    .ARM.Collect$$libinit$$00000017  c_w.l(libinit2.o)
    0x000002e2   0x000002e2   0x00000000   Code   RO         1183    .ARM.Collect$$libinit$$00000019  c_w.l(libinit2.o)
    0x000002e2   0x000002e2   0x00000000   Code   RO         1185    .ARM.Collect$$libinit$$0000001B  c_w.l(libinit2.o)
    0x000002e2   0x000002e2   0x00000000   Code   RO         1187    .ARM.Collect$$libinit$$0000001D  c_w.l(libinit2.o)
    0x000002e2   0x000002e2   0x00000000   Code   RO         1189    .ARM.Collect$$libinit$$0000001F  c_w.l(libinit2.o)
    0x000002e2   0x000002e2   0x00000000   Code   RO         1191    .ARM.Collect$$libinit$$00000021  c_w.l(libinit2.o)
    0x000002e2   0x000002e2   0x00000000   Code   RO         1193    .ARM.Collect$$libinit$$00000023  c_w.l(libinit2.o)
    0x000002e2   0x000002e2   0x00000000   Code   RO         1195    .ARM.Collect$$libinit$$00000025  c_w.l(libinit2.o)
    0x000002e2   0x000002e2   0x00000000   Code   RO         1199    .ARM.Collect$$libinit$$0000002C  c_w.l(libinit2.o)
    0x000002e2   0x000002e2   0x00000000   Code   RO         1201    .ARM.Collect$$libinit$$0000002E  c_w.l(libinit2.o)
    0x000002e2   0x000002e2   0x00000000   Code   RO         1203    .ARM.Collect$$libinit$$00000030  c_w.l(libinit2.o)
    0x000002e2   0x000002e2   0x00000000   Code   RO         1205    .ARM.Collect$$libinit$$00000032  c_w.l(libinit2.o)
    0x000002e2   0x000002e2   0x00000002   Code   RO         1206    .ARM.Collect$$libinit$$00000033  c_w.l(libinit2.o)
    0x000002e4   0x000002e4   0x00000002   Code   RO         1226    .ARM.Collect$$libshutdown$$00000000  c_w.l(libshutdown.o)
    0x000002e6   0x000002e6   0x00000000   Code   RO         1239    .ARM.Collect$$libshutdown$$00000002  c_w.l(libshutdown2.o)
    0x000002e6   0x000002e6   0x00000000   Code   RO         1241    .ARM.Collect$$libshutdown$$00000004  c_w.l(libshutdown2.o)
    0x000002e6   0x000002e6   0x00000000   Code   RO         1244    .ARM.Collect$$libshutdown$$00000007  c_w.l(libshutdown2.o)
    0x000002e6   0x000002e6   0x00000000   Code   RO         1247    .ARM.Collect$$libshutdown$$0000000A  c_w.l(libshutdown2.o)
    0x000002e6   0x000002e6   0x00000000   Code   RO         1249    .ARM.Collect$$libshutdown$$0000000C  c_w.l(libshutdown2.o)
    0x000002e6   0x000002e6   0x00000000   Code   RO         1252    .ARM.Collect$$libshutdown$$0000000F  c_w.l(libshutdown2.o)
    0x000002e6   0x000002e6   0x00000002   Code   RO         1253    .ARM.Collect$$libshutdown$$00000010  c_w.l(libshutdown2.o)
    0x000002e8   0x000002e8   0x00000000   Code   RO         1131    .ARM.Collect$$rtentry$$00000000  c_w.l(__rtentry.o)
    0x000002e8   0x000002e8   0x00000000   Code   RO         1133    .ARM.Collect$$rtentry$$00000002  c_w.l(__rtentry2.o)
    0x000002e8   0x000002e8   0x00000006   Code   RO         1145    .ARM.Collect$$rtentry$$00000004  c_w.l(__rtentry4.o)
    0x000002ee   0x000002ee   0x00000000   Code   RO         1135    .ARM.Collect$$rtentry$$00000009  c_w.l(__rtentry2.o)
    0x000002ee   0x000002ee   0x00000004   Code   RO         1136    .ARM.Collect$$rtentry$$0000000A  c_w.l(__rtentry2.o)
    0x000002f2   0x000002f2   0x00000000   Code   RO         1138    .ARM.Collect$$rtentry$$0000000C  c_w.l(__rtentry2.o)
    0x000002f2   0x000002f2   0x00000008   Code   RO         1139    .ARM.Collect$$rtentry$$0000000D  c_w.l(__rtentry2.o)
    0x000002fa   0x000002fa   0x00000002   Code   RO         1160    .ARM.Collect$$rtexit$$00000000  c_w.l(rtexit.o)
    0x000002fc   0x000002fc   0x00000000   Code   RO         1208    .ARM.Collect$$rtexit$$00000002  c_w.l(rtexit2.o)
    0x000002fc   0x000002fc   0x00000004   Code   RO         1209    .ARM.Collect$$rtexit$$00000003  c_w.l(rtexit2.o)
    0x00000300   0x00000300   0x00000006   Code   RO         1210    .ARM.Collect$$rtexit$$00000004  c_w.l(rtexit2.o)
    0x00000306   0x00000306   0x00000002   PAD
    0x00000308   0x00000308   0x000000c4   Code   RO         1103    .emb_text           qxk_port.o
    0x000003cc   0x000003cc   0x0000007c   Code   RO          276  * .text               startup_tm4c123gh6pm.o
    0x00000448   0x00000448   0x00000006   Code   RO         1127    .text               c_w.l(heapauxi.o)
    0x0000044e   0x0000044e   0x0000004a   Code   RO         1147    .text               c_w.l(sys_stackheap_outer.o)
    0x00000498   0x00000498   0x00000012   Code   RO         1149    .text               c_w.l(exit.o)
    0x000004aa   0x000004aa   0x00000002   PAD
    0x000004ac   0x000004ac   0x00000008   Code   RO         1157    .text               c_w.l(libspace.o)
    0x000004b4   0x000004b4   0x0000000c   Code   RO         1218    .text               c_w.l(sys_exit.o)
    0x000004c0   0x000004c0   0x00000002   Code   RO         1229    .text               c_w.l(use_no_semi.o)
    0x000004c2   0x000004c2   0x00000000   Code   RO         1231    .text               c_w.l(indicate_semi.o)
    0x000004c2   0x000004c2   0x00000002   PAD
    0x000004c4   0x000004c4   0x000000a0   Code   RO            4    i.BSP_init          bsp.o
    0x00000564   0x00000564   0x0000000c   Code   RO            5    i.BSP_ledBlueOff    bsp.o
    0x00000570   0x00000570   0x0000000c   Code   RO            6    i.BSP_ledBlueOn     bsp.o
    0x0000057c   0x0000057c   0x0000000c   Code   RO            7    i.BSP_ledGreenOff   bsp.o
    0x00000588   0x00000588   0x0000000c   Code   RO            8    i.BSP_ledGreenOn    bsp.o
    0x00000594   0x00000594   0x00000050   Code   RO           11    i.GPIOPortF_IRQHandler  bsp.o
    0x000005e4   0x000005e4   0x00000020   Code   RO          691    i.QActive_ctor      qf_qact.o
    0x00000604   0x00000604   0x00000088   Code   RO          439    i.QActive_get_      qf_actq.o
    0x0000068c   0x0000068c   0x000000b4   Code   RO          440    i.QActive_postLIFO_  qf_actq.o
    0x00000740   0x00000740   0x000000f0   Code   RO          441    i.QActive_post_     qf_actq.o
    0x00000830   0x00000830   0x00000094   Code   RO          826    i.QActive_start_    qxk.o
    0x000008c4   0x000008c4   0x00000018   Code   RO          705    i.QEQueue_init      qf_qeq.o
    0x000008dc   0x000008dc   0x00000054   Code   RO          389    i.QF_add_           qf_act.o
    0x00000930   0x00000930   0x00000012   Code   RO          390    i.QF_bzero          qf_act.o
    0x00000942   0x00000942   0x00000002   PAD
    0x00000944   0x00000944   0x00000078   Code   RO          545    i.QF_gc             qf_dyn.o
    0x000009bc   0x000009bc   0x00000006   Code   RO          443    i.QF_get_BASEPRI    qf_actq.o
    0x000009c2   0x000009c2   0x00000006   Code   RO          754    i.QF_get_BASEPRI    qf_time.o
    0x000009c8   0x000009c8   0x00000006   Code   RO          828    i.QF_get_BASEPRI    qxk.o
    0x000009ce   0x000009ce   0x00000006   Code   RO          959    i.QF_get_BASEPRI    qxk_sema.o
    0x000009d4   0x000009d4   0x00000006   Code   RO         1001    i.QF_get_BASEPRI    qxk_xthr.o
    0x000009da   0x000009da   0x00000002   PAD
    0x000009dc   0x000009dc   0x0000006c   Code   RO          829    i.QF_init           qxk.o
    0x00000a48   0x00000a48   0x00000070   Code   RO           13    i.QF_onStartup      bsp.o
    0x00000ab8   0x00000ab8   0x00000024   Code   RO          830    i.QF_run            qxk.o
    0x00000adc   0x00000adc   0x00000006   Code   RO           14    i.QF_set_BASEPRI    bsp.o
    0x00000ae2   0x00000ae2   0x00000006   Code   RO          392    i.QF_set_BASEPRI    qf_act.o
    0x00000ae8   0x00000ae8   0x00000006   Code   RO          444    i.QF_set_BASEPRI    qf_actq.o
    0x00000aee   0x00000aee   0x00000006   Code   RO          550    i.QF_set_BASEPRI    qf_dyn.o
    0x00000af4   0x00000af4   0x00000006   Code   RO          601    i.QF_set_BASEPRI    qf_mem.o
    0x00000afa   0x00000afa   0x00000006   Code   RO          756    i.QF_set_BASEPRI    qf_time.o
    0x00000b00   0x00000b00   0x00000006   Code   RO          831    i.QF_set_BASEPRI    qxk.o
    0x00000b06   0x00000b06   0x00000006   Code   RO          960    i.QF_set_BASEPRI    qxk_sema.o
    0x00000b0c   0x00000b0c   0x00000006   Code   RO         1002    i.QF_set_BASEPRI    qxk_xthr.o
    0x00000b12   0x00000b12   0x00000002   PAD
    0x00000b14   0x00000b14   0x000000f8   Code   RO          757    i.QF_tickX_         qf_time.o
    0x00000c0c   0x00000c0c   0x00000014   Code   RO          281    i.QHsm_ctor         qep_hsm.o
    0x00000c20   0x00000c20   0x0000010c   Code   RO          282    i.QHsm_dispatch_    qep_hsm.o
    0x00000d2c   0x00000d2c   0x000000b4   Code   RO          283    i.QHsm_init_        qep_hsm.o
    0x00000de0   0x00000de0   0x00000006   Code   RO          285    i.QHsm_top          qep_hsm.o
    0x00000de6   0x00000de6   0x00000002   PAD
    0x00000de8   0x00000de8   0x0000015c   Code   RO          286    i.QHsm_tran_        qep_hsm.o
    0x00000f44   0x00000f44   0x00000058   Code   RO          604    i.QMPool_put        qf_mem.o
    0x00000f9c   0x00000f9c   0x00000040   Code   RO          446    i.QTicker_dispatch_  qf_actq.o
    0x00000fdc   0x00000fdc   0x00000006   Code   RO          447    i.QTicker_init_     qf_actq.o
    0x00000fe2   0x00000fe2   0x00000002   PAD
    0x00000fe4   0x00000fe4   0x00000018   Code   RO          448    i.QTicker_postLIFO_  qf_actq.o
    0x00000ffc   0x00000ffc   0x00000080   Code   RO          449    i.QTicker_post_     qf_actq.o
    0x0000107c   0x0000107c   0x00000038   Code   RO          759    i.QTimeEvt_ctorX    qf_time.o
    0x000010b4   0x000010b4   0x000000f4   Code   RO          833    i.QXK_activate_     qxk.o
    0x000011a8   0x000011a8   0x00000006   Code   RO         1003    i.QXK_get_IPSR      qxk_xthr.o
    0x000011ae   0x000011ae   0x00000002   PAD
    0x000011b0   0x000011b0   0x0000006c   Code   RO         1104    i.QXK_init          qxk_port.o
    0x0000121c   0x0000121c   0x00000010   Code   RO           15    i.QXK_onIdle        bsp.o
    0x0000122c   0x0000122c   0x000000b0   Code   RO          837    i.QXK_sched_        qxk.o
    0x000012dc   0x000012dc   0x000000ac   Code   RO         1105    i.QXK_stackInit_    qxk_port.o
    0x00001388   0x00001388   0x00000078   Code   RO         1004    i.QXK_threadRet_    qxk_xthr.o
    0x00001400   0x00001400   0x00000024   Code   RO          961    i.QXSemaphore_init  qxk_sema.o
    0x00001424   0x00001424   0x000000c8   Code   RO          962    i.QXSemaphore_signal  qxk_sema.o
    0x000014ec   0x000014ec   0x00000124   Code   RO          964    i.QXSemaphore_wait  qxk_sema.o
    0x00001610   0x00001610   0x00000040   Code   RO         1005    i.QXThread_block_   qxk_xthr.o
    0x00001650   0x00001650   0x0000002c   Code   RO         1006    i.QXThread_ctor     qxk_xthr.o
    0x0000167c   0x0000167c   0x000000b0   Code   RO         1007    i.QXThread_delay    qxk_xthr.o
    0x0000172c   0x0000172c   0x00000014   Code   RO         1009    i.QXThread_dispatch_  qxk_xthr.o
    0x00001740   0x00001740   0x00000014   Code   RO         1010    i.QXThread_init_    qxk_xthr.o
    0x00001754   0x00001754   0x00000018   Code   RO         1011    i.QXThread_postLIFO_  qxk_xthr.o
    0x0000176c   0x0000176c   0x00000140   Code   RO         1012    i.QXThread_post_    qxk_xthr.o
    0x000018ac   0x000018ac   0x000000a8   Code   RO         1014    i.QXThread_start_   qxk_xthr.o
    0x00001954   0x00001954   0x00000064   Code   RO         1015    i.QXThread_teArm_   qxk_xthr.o
    0x000019b8   0x000019b8   0x00000012   Code   RO         1016    i.QXThread_teDisarm_  qxk_xthr.o
    0x000019ca   0x000019ca   0x00000002   PAD
    0x000019cc   0x000019cc   0x00000034   Code   RO         1017    i.QXThread_unblock_  qxk_xthr.o
    0x00001a00   0x00001a00   0x00000044   Code   RO           16    i.Q_onAssert        bsp.o
    0x00001a44   0x00001a44   0x00000034   Code   RO           17    i.SysTick_Handler   bsp.o
    0x00001a78   0x00001a78   0x000000c4   Code   RO          231    i.SystemCoreClockUpdate  system_tm4c123gh6pm.o
    0x00001b3c   0x00001b3c   0x000000a4   Code   RO          232    i.SystemInit        system_tm4c123gh6pm.o
    0x00001be0   0x00001be0   0x00000028   Code   RO           18    i.__NVIC_SetPriority  bsp.o
    0x00001c08   0x00001c08   0x000000f8   Code   RO          233    i.getOscClk         system_tm4c123gh6pm.o
    0x00001d00   0x00001d00   0x00000018   Code   RO          838    i.initial_events    qxk.o
    0x00001d18   0x00001d18   0x00000084   Code   RO          188    i.main              main.o
    0x00001d9c   0x00001d9c   0x0000002a   Code   RO          189    i.main_blinky1      main.o
    0x00001dc6   0x00001dc6   0x00000002   PAD
    0x00001dc8   0x00001dc8   0x00000030   Code   RO          190    i.main_blinky2      main.o
    0x00001df8   0x00001df8   0x00000028   Data   RO          287    .constdata          qep_hsm.o
    0x00001e20   0x00001e20   0x00000007   Data   RO          394    .constdata          qf_act.o
    0x00001e27   0x00001e27   0x00000001   PAD
    0x00001e28   0x00001e28   0x00000020   Data   RO          450    .constdata          qf_actq.o
    0x00001e48   0x00001e48   0x00000007   Data   RO          552    .constdata          qf_dyn.o
    0x00001e4f   0x00001e4f   0x00000007   Data   RO          605    .constdata          qf_mem.o
    0x00001e56   0x00001e56   0x00000002   PAD
    0x00001e58   0x00001e58   0x00000014   Data   RO          692    .constdata          qf_qact.o
    0x00001e6c   0x00001e6c   0x00000008   Data   RO          765    .constdata          qf_time.o
    0x00001e74   0x00001e74   0x00000004   Data   RO          840    .constdata          qxk.o
    0x00001e78   0x00001e78   0x00000009   Data   RO          965    .constdata          qxk_sema.o
    0x00001e81   0x00001e81   0x00000003   PAD
    0x00001e84   0x00001e84   0x00000020   Data   RO         1018    .constdata          qxk_xthr.o
    0x00001ea4   0x00001ea4   0x00000020   Data   RO         1284    Region$$Table       anon$$obj.o


    Execution Region RW_IRAM1 (Exec base: 0x20000000, Load base: 0x00001ec4, Size: 0x00000830, Max: 0x00008000, ABSOLUTE)

    Exec Addr    Load Addr    Size         Type   Attr      Idx    E Section Name        Object

    0x20000000   0x00001ec4   0x00000008   Data   RW          193    .data               main.o
    0x20000008   0x00001ecc   0x00000004   Data   RW          234    .data               system_tm4c123gh6pm.o
    0x2000000c   0x00001ed0   0x00000004   Data   RW          553    .data               qf_dyn.o
    0x20000010   0x00001ed4   0x00000008   Data   RW          645    .data               qf_ps.o
    0x20000018        -       0x00000288   Zero   RW          192    .bss                main.o
    0x200002a0        -       0x00000084   Zero   RW          393    .bss                qf_act.o
    0x20000324        -       0x0000003c   Zero   RW          551    .bss                qf_dyn.o
    0x20000360        -       0x00000020   Zero   RW          764    .bss                qf_time.o
    0x20000380        -       0x0000003c   Zero   RW          839    .bss                qxk.o
    0x200003bc        -       0x00000060   Zero   RW         1158    .bss                c_w.l(libspace.o)
    0x2000041c   0x00001edc   0x00000004   PAD
    0x20000420        -       0x00000010   Zero   RW          274    HEAP                startup_tm4c123gh6pm.o
    0x20000430        -       0x00000400   Zero   RW          273    STACK               startup_tm4c123gh6pm.o


==============================================================================

Image component sizes


      Code (inc. data)   RO Data    RW Data    ZI Data      Debug   Object Name

       582         78          0          0          0      72153   bsp.o
       222         34          0          8        648       2230   main.o
       822         40         40          0          0       8301   qep_hsm.o
       108         10          7          0        132       5454   qf_act.o
       790         36         32          0          0       8817   qf_actq.o
       126         14          7          4         60       1923   qf_dyn.o
        94          6          7          0          0       1781   qf_mem.o
         0          0          0          8          0        750   qf_ps.o
        32          4         20          0          0        915   qf_qact.o
        24          0          0          0          0        983   qf_qeq.o
       316         14          8          0         32       3051   qf_time.o
       748         74          4          0         60       6653   qxk.o
       476         48          0          0          0       2464   qxk_port.o
       540         28          9          0          0       3895   qxk_sema.o
      1144         90         32          0          0       9507   qxk_xthr.o
       124         28        620          0       1040        984   startup_tm4c123gh6pm.o
       608        140          0          4          0       3691   system_tm4c123gh6pm.o

    ----------------------------------------------------------------------
      6772        644        824         24       1972     133552   Object Totals
         0          0         32          0          0          0   (incl. Generated)
        16          0          6          0          0          0   (incl. Padding)

    ----------------------------------------------------------------------

      Code (inc. data)   RO Data    RW Data    ZI Data      Debug   Library Member Name

         8          0          0          0          0         68   __main.o
         0          0          0          0          0          0   __rtentry.o
        12          0          0          0          0          0   __rtentry2.o
         6          0          0          0          0          0   __rtentry4.o
        52          8          0          0          0          0   __scatter.o
        26          0          0          0          0          0   __scatter_copy.o
        28          0          0          0          0          0   __scatter_zi.o
        18          0          0          0          0         80   exit.o
         6          0          0          0          0        152   heapauxi.o
         0          0          0          0          0          0   indicate_semi.o
         2          0          0          0          0          0   libinit.o
         2          0          0          0          0          0   libinit2.o
         2          0          0          0          0          0   libshutdown.o
         2          0          0          0          0          0   libshutdown2.o
         8          4          0          0         96         68   libspace.o
         2          0          0          0          0          0   rtexit.o
        10          0          0          0          0          0   rtexit2.o
        12          4          0          0          0         68   sys_exit.o
        74          0          0          0          0         80   sys_stackheap_outer.o
         2          0          0          0          0         68   use_no_semi.o

    ----------------------------------------------------------------------
       280         16          0          0        100        584   Library Totals
         8          0          0          0          4          0   (incl. Padding)

    ----------------------------------------------------------------------

      Code (inc. data)   RO Data    RW Data    ZI Data      Debug   Library Name

       272         16          0          0         96        584   c_w.l

    ----------------------------------------------------------------------
       280         16          0          0        100        584   Library Totals

    ----------------------------------------------------------------------

==============================================================================


      Code (inc. data)   RO Data    RW Data    ZI Data      Debug   

      7052        660        824         24       2072     130232   Grand Totals
      7052        660        824         24       2072     130232   ELF Image Totals
      7052        660        824         24          0          0   ROM Totals

==============================================================================

    Total RO  Size (Code + RO Data)                 7876 (   7.69kB)
    Total RW  Size (RW Data + ZI Data)              2096 (   2.05kB)
    Total ROM Size (Code + RO Data + RW Data)       7900 (   7.71kB)

==============================================================================

